******************************************************************************
                  TI ARM Linker PC v20.2.2                     
******************************************************************************
>> Linked Tue Jun  1 05:25:12 2021

OUTPUT FILE NAME:   <Assignment.out>
ENTRY POINT SYMBOL: "_c_int00"  address: 0000900d


MEMORY CONFIGURATION

         name            origin    length      used     unused   attr    fill
----------------------  --------  ---------  --------  --------  ----  --------
  FLASH                 00000000   00100000  00013834  000ec7cc  R  X
  SRAM                  20000000   00040000  0000240c  0003dbf4  RW X


SEGMENT ALLOCATION MAP

run origin  load origin   length   init length attrs members
----------  ----------- ---------- ----------- ----- -------
00000000    00000000    00013840   00013840    r-x
  00000000    00000000    0000003c   0000003c    r-- .resetVecs
  00000040    00000040    0000be42   0000be42    r-x .text
  0000be88    0000be88    000076be   000076be    r-- .const
  00013548    00013548    000002f8   000002f8    r-- .cinit
20000000    20000000    00002410   00000000    rw-
  20000000    20000000    00000360   00000000    rw- .vecs
  20000360    20000360    00001628   00000000    rw- .bss
  20001988    20001988    00000784   00000000    rw- .data
  20002110    20002110    00000300   00000000    rw- .stack


SECTION ALLOCATION MAP

 output                                  attributes/
section   page    origin      length       input sections
--------  ----  ----------  ----------   ----------------
.text      0    00000040    0000be42     
                  00000040    00000a4e     rtsv7M4_T_le_v4SPD16_eabi.lib : _printfi.c.obj (.text:__TI_printfi)
                  00000a8e    00000002                                   : _lock.c.obj (.text:_nop)
                  00000a90    000006ac     MotorLib.lib : motorlib.obj (.text)
                  0000113c    00000004     driverlib.lib : i2c.obj (.text:I2CMasterControl)
                  00001140    00000430     sysbios.aem4f : BIOS.obj (.text:ti_sysbios_family_arm_m3_Hwi_excDumpRegs__I)
                  00001570    00000374     grlib.lib : image.obj (.text:InternalImageDraw)
                  000018e4    0000034c     ti.targets.arm.rtsarm.aem4f : System.oem4f (.text:xdc_runtime_System_doPrint__I)
                  00001c30    000002f8     grlib.lib : image.obj (.text:PixelTransparentDraw)
                  00001f28    00000278     frame.obj (.text:FrameDraw)
                  000021a0    00000270     rtsv7M4_T_le_v4SPD16_eabi.lib : _printfi.c.obj (.text:_pconv_a)
                  00002410    00000268     touch.obj (.text:TouchScreenDebouncer)
                  00002678    00000260     UI.obj (.text:drawFxn)
                  000028d8    00000254     grlib.lib : string.obj (.text:GrFontGlyphRender)
                  00002b2c    00000204     Boot.aem4f : Boot_sysctl.oem4f (.text:ti_catalog_arm_cortexm4_tiva_ce_Boot_sysCtlClockFreqSetI__I)
                  00002d30    00000200     driverlib.lib : sysctl.obj (.text:SysCtlClockFreqSet)
                  00002f30    00000200     rtsv7M4_T_le_v4SPD16_eabi.lib : s_exp2.c.obj (.text:exp2)
                  00003130    00000200     motor.obj (.text:gpioHallAFxn)
                  00003330    000001f4     sysbios.aem4f : BIOS.obj (.text:ti_sysbios_family_arm_m3_Hwi_excHandlerMax__I)
                  00003524    000001e4     Kentec320x240x16_ssd2119_spi.obj (.text:Kentec320x240x16_SSD2119Init)
                  00003708    000001dc     Kentec320x240x16_ssd2119_spi.obj (.text:Kentec320x240x16_SSD2119PixelDrawMultiple)
                  000038e4    000001d0     rtsv7M4_T_le_v4SPD16_eabi.lib : _printfi.c.obj (.text:_pconv_g)
                  00003ab4    000001b6                                   : fd_add_t2.asm.obj (.text)
                  00003c6a    00000190     grlib.lib : canvas.obj (.text:CanvasPaint)
                  00003dfa    0000017e               : pushbutton.obj (.text:RectangularButtonPaint)
                  00003f78    00000178     touch.obj (.text:TouchScreenIntHandler)
                  000040f0    00000174     sysbios.aem4f : BIOS.obj (.text:ti_sysbios_family_arm_m3_Hwi_excBusFault__I)
                  00004264    00000170     drivers_tivaware.aem4f : PWMTiva.oem4f (.text:PWMTiva_open)
                  000043d4    00000004     driverlib.lib : i2c.obj (.text:I2CMasterDataGet)
                  000043d8    00000164     sysbios.aem4f : BIOS.obj (.text:ti_sysbios_family_arm_m3_Hwi_excUsageFault__I)
                  0000453c    00000004     driverlib.lib : i2c.obj (.text:I2CMasterDataPut)
                  00004540    00000154     sysbios.aem4f : BIOS.obj (.text:ti_sysbios_knl_Semaphore_pend__E)
                  00004694    00000150     drivers_tivaware.aem4f : GPIOTiva.oem4f (.text:GPIO_setConfig)
                  000047e4    00000004     grlib.lib : widget.obj (.text:WidgetDefaultMsgProc)
                  000047e8    00000148     sysbios.aem4f : BIOS.obj (.text:ti_sysbios_family_arm_m3_Hwi_excMemFault__I)
                  00004930    0000013c     rtsv7M4_T_le_v4SPD16_eabi.lib : _printfi.c.obj (.text:_pconv_e)
                  00004a6c    00000136                                   : fd_div_t2.asm.obj (.text)
                  00004ba2    00000132     driverlib.lib : gpio.obj (.text:GPIOPadConfigSet)
                  00004cd4    00000124     UI.obj (.text:changeState)
                  00004df8    00000124     rtsv7M4_T_le_v4SPD16_eabi.lib : _printfi.c.obj (.text:fcvt)
                  00004f1c    00000120     motor.obj (.text:getSpeed)
                  0000503c    00000118     ti.targets.arm.rtsarm.aem4f : Error.oem4f (.text:xdc_runtime_Error_policyDefault__E)
                  00005154    00000114     drivers_tivaware.aem4f : PWMTimerTiva.oem4f (.text:PWMTimerTiva_open)
                  00005268    00000114     rtsv7M4_T_le_v4SPD16_eabi.lib : fputs.c.obj (.text:fputs)
                  0000537c    00000110                                   : s_scalbn.c.obj (.text:scalbn)
                  0000548c    0000010c     Kentec320x240x16_ssd2119_spi.obj (.text:Kentec320x240x16_SSD2119RectFill)
                  00005598    0000010c     touch.obj (.text:TouchScreenInit)
                  000056a4    00000004     rtsv7M4_T_le_v4SPD16_eabi.lib : exit.c.obj (.text:abort:abort)
                  000056a8    00000108     sysbios.aem4f : BIOS.obj (.text:ti_sysbios_family_arm_lm4_Timer_start__E)
                  000057b0    00000100     ti.targets.arm.rtsarm.aem4f : Core-mem.oem4f (.text:xdc_runtime_Core_createObject__I)
                  000058b0    000000fc     rtsv7M4_T_le_v4SPD16_eabi.lib : fd_mul_t2.asm.obj (.text)
                  000059ac    000000f8                                   : s_floor.c.obj (.text:floor)
                  00005aa4    000000f8     ti.targets.arm.rtsarm.aem4f : Startup.oem4f (.text:xdc_runtime_Startup_startMods__I)
                  00005b9c    000000f8     empty_min_pem4f.oem4f (.text:xdc_runtime_System_printfExtend__I)
                  00005c94    000000f4     sysbios.aem4f : m3_Hwi_asm.obj (.text:ti_sysbios_family_arm_m3_Hwi_dispatch__I)
                  00005d88    000000f2     grlib.lib : pushbutton.obj (.text:RectangularButtonClick)
                  00005e7a    000000f0     drivers_tivaware.aem4f : PWMTiva.oem4f (.text:PWMTiva_setDuty)
                  00005f6a    00000002     rtsv7M4_T_le_v4SPD16_eabi.lib : div0.asm.obj (.text)
                  00005f6c    000000e8     grlib.lib : widget.obj (.text:WidgetMessageQueueAdd)
                  00006054    000000e0     drivers_tivaware.aem4f : I2CTiva.oem4f (.text:I2CTiva_open)
                  00006134    000000dc     rtsv7M4_T_le_v4SPD16_eabi.lib : setvbuf.c.obj (.text:setvbuf)
                  00006210    000000d6     drivers_tivaware.aem4f : I2CTiva.oem4f (.text:I2CTiva_hwiFxn)
                  000062e6    00000002     empty_min_pem4f.oem4f (.text:ti_sysbios_BIOS_nullFunc__I)
                  000062e8    000000d4     sysbios.aem4f : BIOS.obj (.text:ti_sysbios_heaps_HeapMem_alloc__E)
                  000063bc    00000004     empty_min_pem4f.oem4f (.text:ti_sysbios_BIOS_RtsGateProxy_enter__E)
                  000063c0    000000cc     sysbios.aem4f : BIOS.obj (.text:ti_sysbios_knl_Task_Instance_init__E)
                  0000648c    000000cc     ti.targets.arm.rtsarm.aem4f : Core-smem.oem4f (.text:xdc_runtime_Core_constructObject__I)
                  00006558    000000c4     sensor.obj (.text:initI2C_opt3001)
                  0000661c    000000c0     grlib.lib : string.obj (.text:GrDefaultStringRenderer)
                  000066dc    000000c0     rtsv7M4_T_le_v4SPD16_eabi.lib : s_round.c.obj (.text:round)
                  0000679c    00000004     empty_min_pem4f.oem4f (.text:ti_sysbios_BIOS_RtsGateProxy_leave__E)
                  000067a0    000000bc     sysbios.aem4f : BIOS.obj (.text:ti_sysbios_family_arm_m3_Hwi_excDebugMon__I)
                  0000685c    00000004                   : BIOS.obj (.text:ti_sysbios_family_arm_lm4_Timer_masterEnable__I)
                  00006860    000000bc                   : BIOS.obj (.text:ti_sysbios_family_arm_m3_Hwi_excHardFault__I)
                  0000691c    00000004     empty_min_pem4f.oem4f (.text:ti_sysbios_family_arm_m3_Hwi_destruct)
                  00006920    000000bc     sysbios.aem4f : BIOS.obj (.text:ti_sysbios_knl_Task_Instance_finalize__E)
                  000069dc    000000b8     EK_TM4C1294XL.obj (.text:EK_TM4C1294XL_initGeneral)
                  00006a94    000000b8     Kentec320x240x16_ssd2119_spi.obj (.text:InitSPILCDInterface)
                  00006b4c    000000b8     drivers_tivaware.aem4f : PWMTimerTiva.oem4f (.text:PWMTimerTiva_setDuty)
                  00006c04    000000b4     grlib.lib : widget.obj (.text:WidgetMessageSendPostOrder)
                  00006cb8    000000b1     rtsv7M4_T_le_v4SPD16_eabi.lib : _printfi.c.obj (.text:_ltostr)
                  00006d69    00000001     --HOLE-- [fill = 0]
                  00006d6a    00000002     motor.obj (.text:updateRevCounter)
                  00006d6c    000000ac     motor.obj (.text:setSpeed)
                  00006e18    000000ac     sysbios.aem4f : BIOS.obj (.text:ti_sysbios_family_arm_lm4_Timer_enableTiva__I)
                  00006ec4    000000a0     auto_init.aem4f : auto_init.oem4f (.text)
                  00006f64    000000a0     ti.targets.arm.rtsarm.aem4f : Text.oem4f (.text:xdc_runtime_Text_putMod__E)
                  00007004    0000009c     empty_min.obj (.text:main)
                  000070a0    0000009c     rtsv7M4_T_le_v4SPD16_eabi.lib : memcpy_t2.asm.obj (.text)
                  0000713c    0000009a     ti.targets.arm.rtsarm.aem4f : Text.oem4f (.text:xdc_runtime_Text_putSite__E)
                  000071d6    00000002     empty_min_pem4f.oem4f (.text:xdc_runtime_Startup_reset__I)
                  000071d8    00000098     Boot.aem4f : Boot.oem4f (.text:ti_catalog_arm_cortexm4_tiva_ce_Boot_sysCtlClockFreqSet__E)
                  00007270    00000096     rtsv7M4_T_le_v4SPD16_eabi.lib : ull_div_t2.asm.obj (.text)
                  00007306    00000002     --HOLE-- [fill = 0]
                  00007308    00000094     sysbios.aem4f : BIOS.obj (.text:ti_sysbios_family_arm_m3_Hwi_Instance_init__E)
                  0000739c    00000004     empty_min_pem4f.oem4f (.text:ti_sysbios_family_arm_m3_TaskSupport_Module__startupDone__S)
                  000073a0    00000094     sysbios.aem4f : BIOS.obj (.text:ti_sysbios_family_arm_m3_Hwi_initNVIC__E)
                  00007434    00000004     empty_min_pem4f.oem4f (.text:ti_sysbios_heaps_HeapMem_Module_GateProxy_enter__E)
                  00007438    00000094     sysbios.aem4f : BIOS.obj (.text:ti_sysbios_knl_Task_postInit__I)
                  000074cc    0000008c     drivers_tivaware.aem4f : GPIOTiva.oem4f (.text:GPIO_init)
                  00007558    0000008c     UI.obj (.text:initUI)
                  000075e4    0000008c     sysbios.aem4f : m3_TaskSupport_asm.obj (.text:ti_sysbios_family_arm_m3_TaskSupport_buildTaskStack)
                  00007670    00000088     drivers_tivaware.aem4f : PWMTiva.oem4f (.text:PWMTiva_control)
                  000076f8    00000086     grlib.lib : rectangle.obj (.text:GrRectFill)
                  0000777e    00000086     rtsv7M4_T_le_v4SPD16_eabi.lib : fd_cmp_t2.asm.obj (.text:__aeabi_cdcmple)
                  00007804    00000086                                   : fd_cmp_t2.asm.obj (.text:__aeabi_cdrcmple)
                  0000788a    00000002     --HOLE-- [fill = 0]
                  0000788c    00000084     motor.obj (.text:startMotor)
                  00007910    00000084     sysbios.aem4f : BIOS.obj (.text:ti_sysbios_family_arm_m3_Hwi_postInit__I)
                  00007994    0000007e     drivers_tivaware.aem4f : I2CTiva.oem4f (.text:I2CTiva_transfer)
                  00007a12    00000006     driverlib.lib : gpio.obj (.text:GPIOIntClear)
                  00007a18    0000007c     sysbios.aem4f : BIOS.obj (.text:ti_sysbios_heaps_HeapMem_free__E)
                  00007a94    0000007a     driverlib.lib : adc.obj (.text:ADCSequenceStepConfigure)
                  00007b0e    0000007a     rtsv7M4_T_le_v4SPD16_eabi.lib : memset_t2.asm.obj (.text)
                  00007b88    00000077     sensor.obj (.text:readI2C)
                  00007bff    00000001     --HOLE-- [fill = 0]
                  00007c00    00000074     rtsv7M4_T_le_v4SPD16_eabi.lib : fclose.c.obj (.text:__TI_closefile)
                  00007c74    00000070     sensor.obj (.text:sensorOpt3001Convert)
                  00007ce4    00000004     empty_min_pem4f.oem4f (.text:ti_sysbios_heaps_HeapMem_Module_GateProxy_leave__E)
                  00007ce8    00000070     sysbios.aem4f : BIOS.obj (.text:ti_sysbios_knl_Clock_workFunc__E)
                  00007d58    00000070                   : BIOS.obj (.text:ti_sysbios_knl_Task_exit__E)
                  00007dc8    0000006e     rtsv7M4_T_le_v4SPD16_eabi.lib : _printfi.c.obj (.text:_mcpy)
                  00007e36    0000006e                                   : fd_tos_t2.asm.obj (.text)
                  00007ea4    0000006d     ti.targets.arm.rtsarm.aem4f : System.oem4f (.text:xdc_runtime_System_formatNum__I)
                  00007f11    00000003     --HOLE-- [fill = 0]
                  00007f14    0000006c     EK_TM4C1294XL.obj (.text:EK_TM4C1294XL_initI2C)
                  00007f80    0000006c     rtsv7M4_T_le_v4SPD16_eabi.lib : hostrename.c.obj (.text:HOSTrename)
                  00007fec    0000006c     drivers_tivaware.aem4f : PWMTimerTiva.oem4f (.text:PWMTimerTiva_control)
                  00008058    0000006c     motor.obj (.text:initMotor)
                  000080c4    00000004     empty_min_pem4f.oem4f (.text:ti_sysbios_knl_Clock_TimerProxy_getMaxTicks__E)
                  000080c8    0000006c     sysbios.aem4f : BIOS.obj (.text:ti_sysbios_knl_Swi_restoreHwi__E)
                  00008134    0000006c     ti.targets.arm.rtsarm.aem4f : Error.oem4f (.text:xdc_runtime_Error_print__E)
                  000081a0    0000006c                                 : Memory.oem4f (.text:xdc_runtime_Memory_alloc__E)
                  0000820c    0000006a     drivers_tivaware.aem4f : PWMTiva.oem4f (.text:PWMTiva_close)
                  00008276    00000002     --HOLE-- [fill = 0]
                  00008278    0000006a     sensor.obj (.text:writeI2C)
                  000082e2    00000002     --HOLE-- [fill = 0]
                  000082e4    00000068     grlib.lib : context.obj (.text:GrContextInit)
                  0000834c    00000068               : string.obj (.text:GrStringWidthGet)
                  000083b4    00000068     rtsv7M4_T_le_v4SPD16_eabi.lib : hostlseek.c.obj (.text:HOSTlseek)
                  0000841c    00000068     driverlib.lib : interrupt.obj (.text:IntEnable)
                  00008484    00000068     Kentec320x240x16_ssd2119_spi.obj (.text:Kentec320x240x16_SSD2119LineDrawH)
                  000084ec    00000068     Kentec320x240x16_ssd2119_spi.obj (.text:Kentec320x240x16_SSD2119LineDrawV)
                  00008554    00000068     rtsv7M4_T_le_v4SPD16_eabi.lib : copy_decompress_lzss.c.obj (.text:decompress:lzss:__TI_decompress_lzss)
                  000085bc    00000066     grlib.lib : context.obj (.text:GrContextClipRegionSet)
                  00008622    00000066               : rectangle.obj (.text:GrRectDraw)
                  00008688    00000066     ti.targets.arm.rtsarm.aem4f : Core-mem.oem4f (.text:xdc_runtime_Core_deleteObject__I)
                  000086ee    00000002     --HOLE-- [fill = 0]
                  000086f0    00000064     drivers_tivaware.aem4f : GPIOTiva.oem4f (.text:GPIO_hwiIntFxn)
                  00008754    00000064     grlib.lib : widget.obj (.text:WidgetMessageQueueProcess)
                  000087b8    00000064     rtsv7M4_T_le_v4SPD16_eabi.lib : s_frexp.c.obj (.text:frexp)
                  0000881c    00000064                                   : fseek.c.obj (.text:fseek)
                  00008880    00000064     motor.obj (.text:initHallABC)
                  000088e4    00000004     empty_min_pem4f.oem4f (.text:ti_sysbios_knl_Queue_destruct)
                  000088e8    00000064     sysbios.aem4f : BIOS.obj (.text:ti_sysbios_family_arm_lm4_Timer_Module_startup__E)
                  0000894c    00000064     empty_min_pem4f.oem4f (.text:ti_sysbios_family_arm_m3_Hwi_create)
                  000089b0    00000064     sysbios.aem4f : BIOS.obj (.text:ti_sysbios_family_arm_m3_Hwi_dispatchC__I)
                  00008a14    00000004     empty_min_pem4f.oem4f (.text:ti_sysbios_knl_Semaphore_destruct)
                  00008a18    00000064     sysbios.aem4f : BIOS.obj (.text:ti_sysbios_knl_Semaphore_post__E)
                  00008a7c    00000062     drivers_tivaware.aem4f : I2CTiva.oem4f (.text:I2CTiva_primeTransfer)
                  00008ade    00000062     rtsv7M4_T_le_v4SPD16_eabi.lib : _io_perm.c.obj (.text:__TI_wrt_ok)
                  00008b40    00000060                                   : hostopen.c.obj (.text:HOSTopen)
                  00008ba0    00000060     driverlib.lib : timer.obj (.text:TimerConfigure)
                  00008c00    00000060     Kentec320x240x16_ssd2119_spi.obj (.text:WriteDataSPI)
                  00008c60    00000060     UI.obj (.text:refreshScreen)
                  00008cc0    0000005e     grlib.lib : widget.obj (.text:WidgetMessageSendPreOrder)
                  00008d1e    00000002     --HOLE-- [fill = 0]
                  00008d20    0000005c     Kentec320x240x16_ssd2119_spi.obj (.text:WriteCommandSPI)
                  00008d7c    0000005c     rtsv7M4_T_le_v4SPD16_eabi.lib : close.c.obj (.text:close)
                  00008dd8    0000005c     sysbios.aem4f : BIOS.obj (.text:ti_sysbios_knl_Swi_run__I)
                  00008e34    00000004     ti.targets.arm.rtsarm.aem4f : Error.oem4f (.text:xdc_runtime_Error_getSite__E)
                  00008e38    0000005c     sysbios.aem4f : BIOS.obj (.text:ti_sysbios_knl_Swi_schedule__I)
                  00008e94    00000004     empty_min_pem4f.oem4f (.text:xdc_runtime_System_Module_GateProxy_enter__E)
                  00008e98    0000005c     sysbios.aem4f : BIOS.obj (.text:ti_sysbios_knl_Task_Module_startup__E)
                  00008ef4    00000004     empty_min_pem4f.oem4f (.text:xdc_runtime_System_Module_GateProxy_leave__E)
                  00008ef8    0000005c     sysbios.aem4f : BIOS.obj (.text:ti_sysbios_knl_Task_startCore__E)
                  00008f54    0000005b     ti.targets.arm.rtsarm.aem4f : Text.oem4f (.text:xdc_runtime_Text_putLab__E)
                  00008faf    00000001     --HOLE-- [fill = 0]
                  00008fb0    0000005a     grlib.lib : string.obj (.text:FontWideGlyphDataGet)
                  0000900a    00000002     --HOLE-- [fill = 0]
                  0000900c    00000058     boot.aem4f : boot.oem4f (.text)
                  00009064    00000058     rtsv7M4_T_le_v4SPD16_eabi.lib : hostread.c.obj (.text:HOSTread)
                  000090bc    00000058                                   : hostwrite.c.obj (.text:HOSTwrite)
                  00009114    00000058     driverlib.lib : timer.obj (.text:TimerControlTrigger)
                  0000916c    00000058     empty_min_pem4f.oem4f (.text:ti_sysbios_family_arm_m3_Hwi_construct)
                  000091c4    00000058     sysbios.aem4f : m3_Hwi_asm_switch.obj (.text:ti_sysbios_family_arm_m3_Hwi_initStacks__E)
                  0000921c    00000056     driverlib.lib : gpio.obj (.text:GPIOIntTypeSet)
                  00009272    00000056     rtsv7M4_T_le_v4SPD16_eabi.lib : _printfi.c.obj (.text:_pconv_f)
                  000092c8    00000054                                   : _ltoa.c.obj (.text:__TI_ltoa)
                  0000931c    00000054     motor.obj (.text:decreaseSpeed)
                  00009370    00000054     motor.obj (.text:increaseSpeed)
                  000093c4    00000004     ti.targets.arm.rtsarm.aem4f : System.oem4f (.text:xdc_runtime_System_aprintf_va__F)
                  000093c8    00000054     sysbios.aem4f : BIOS.obj (.text:ti_sysbios_family_arm_lm4_Timer_initDevice__I)
                  0000941c    00000054     empty_min_pem4f.oem4f (.text:ti_sysbios_knl_Task_construct)
                  00009470    00000054     ti.targets.arm.rtsarm.aem4f : Assert.oem4f (.text:xdc_runtime_Assert_raise__I)
                  000094c4    00000052     rtsv7M4_T_le_v4SPD16_eabi.lib : _printfi.c.obj (.text:_ecpy)
                  00009516    00000050     driverlib.lib : adc.obj (.text:ADCSequenceConfigure)
                  00009566    00000002     --HOLE-- [fill = 0]
                  00009568    00000050     drivers_tivaware.aem4f : GPIOTiva.oem4f (.text:GPIO_setCallback)
                  000095b8    00000050                            : GPIOTiva.oem4f (.text:GPIO_write)
                  00009608    00000050     Boot.aem4f : Boot_sysctl.oem4f (.text:_SysCtlFrequencyGet)
                  00009658    00000050     motor.obj (.text:getGoalBaby)
                  000096a8    00000050     sysbios.aem4f : BIOS.obj (.text:ti_sysbios_family_arm_m3_Hwi_Module_startup__E)
                  000096f8    00000050     ti.targets.arm.rtsarm.aem4f : Startup.oem4f (.text:xdc_runtime_Startup_exec__E)
                  00009748    00000050                                 : Text.oem4f (.text:xdc_runtime_Text_visitRope2__I)
                  00009798    0000004c     driverlib.lib : i2c.obj (.text:I2CMasterInitExpClk)
                  000097e4    0000004c     rtsv7M4_T_le_v4SPD16_eabi.lib : fflush.c.obj (.text:__TI_doflush)
                  00009830    0000004c                                   : atoi.c.obj (.text:atoi)
                  0000987c    0000004c                                   : cpy_tbl.c.obj (.text:copy_in)
                  000098c8    0000004c     motor.obj (.text:initButtons)
                  00009914    00000004     ti.targets.arm.rtsarm.aem4f : System.oem4f (.text:xdc_runtime_System_printf_va__F)
                  00009918    0000004c     sysbios.aem4f : BIOS.obj (.text:ti_sysbios_family_arm_lm4_Timer_setAvailMask__E)
                  00009964    00000004     --HOLE-- [fill = 0]
                  00009968    0000004c                   : BIOS.obj (.text:ti_sysbios_heaps_HeapMem_getStats__E)
                  000099b4    00000004     --HOLE-- [fill = 0]
                  000099b8    0000004c                   : BIOS.obj (.text:ti_sysbios_knl_Swi_runLoop__I)
                  00009a04    00000004     --HOLE-- [fill = 0]
                  00009a08    0000004c                   : BIOS.obj (.text:ti_sysbios_knl_Task_allBlockedFunction__I)
                  00009a54    00000004     --HOLE-- [fill = 0]
                  00009a58    0000004c                   : BIOS.obj (.text:ti_sysbios_knl_Task_schedule__I)
                  00009aa4    0000004a     drivers_tivaware.aem4f : PWMTimerTiva.oem4f (.text:PWMTimerTiva_close)
                  00009aee    0000004a     grlib.lib : string.obj (.text:UpdateContextCharMapping)
                  00009b38    00000048     driverlib.lib : gpio.obj (.text:GPIOPinConfigure)
                  00009b80    00000048                   : sysctl.obj (.text:_SysCtlFrequencyGet)
                  00009bc8    00000048     rtsv7M4_T_le_v4SPD16_eabi.lib : exit.c.obj (.text:exit)
                  00009c10    00000048                                   : fd_toi_t2.asm.obj (.text)
                  00009c58    00000048     sysbios.aem4f : BIOS.obj (.text:ti_sysbios_family_arm_lm4_Timer_enableTimers__I)
                  00009ca0    00000048                   : BIOS.obj (.text:ti_sysbios_family_arm_m3_Hwi_disableInterrupt__E)
                  00009ce8    00000048                   : BIOS.obj (.text:ti_sysbios_family_arm_m3_Hwi_enableInterrupt__E)
                  00009d30    00000048                   : BIOS.obj (.text:ti_sysbios_family_arm_m3_Hwi_excReserved__I)
                  00009d78    00000046     grlib.lib : line.obj (.text:GrLineDrawH)
                  00009dbe    00000046               : line.obj (.text:GrLineDrawV)
                  00009e04    00000046     Kentec320x240x16_ssd2119_spi.obj (.text:Kentec320x240x16_SSD2119PixelDraw)
                  00009e4a    00000046     sensor.obj (.text:sensorOpt3001Read)
                  00009e90    00000046     ti.targets.arm.rtsarm.aem4f : Core-params.oem4f (.text:xdc_runtime_Core_assignParams__I)
                  00009ed6    00000002     --HOLE-- [fill = 0]
                  00009ed8    00000044     rtsv7M4_T_le_v4SPD16_eabi.lib : hostclose.c.obj (.text:HOSTclose)
                  00009f1c    00000044                                   : hostunlink.c.obj (.text:HOSTunlink)
                  00009f60    00000044                                   : getdevice.c.obj (.text:getdevice)
                  00009fa4    00000004     --HOLE-- [fill = 0]
                  00009fa8    00000044     sysbios.aem4f : BIOS.obj (.text:ti_sysbios_family_arm_lm4_Timer_isrStub__E)
                  00009fec    00000004     --HOLE-- [fill = 0]
                  00009ff0    00000044                   : BIOS.obj (.text:ti_sysbios_family_arm_m3_Hwi_getStackInfo__E)
                  0000a034    00000004     --HOLE-- [fill = 0]
                  0000a038    00000044                   : BIOS.obj (.text:ti_sysbios_knl_Swi_post__E)
                  0000a07c    00000044     ti.targets.arm.rtsarm.aem4f : Error.oem4f (.text:xdc_runtime_Error_setX__E)
                  0000a0c0    00000044                                 : SysMin.oem4f (.text:xdc_runtime_SysMin_flush__E)
                  0000a104    00000044                                 : Text.oem4f (.text:xdc_runtime_Text_xprintf__I)
                  0000a148    00000040     rtsv7M4_T_le_v4SPD16_eabi.lib : u_divt2.asm.obj (.text)
                  0000a188    00000040                                   : sprintf.c.obj (.text:sprintf)
                  0000a1c8    00000040     sysbios.aem4f : BIOS.obj (.text:ti_sysbios_family_arm_lm4_Timer_startup__E)
                  0000a208    00000040                   : BIOS.obj (.text:ti_sysbios_heaps_HeapMem_Instance_init__E)
                  0000a248    0000003e     rtsv7M4_T_le_v4SPD16_eabi.lib : _printfi.c.obj (.text:_fcpy)
                  0000a286    0000003c     driverlib.lib : ssi.obj (.text:SSIConfigSetExpClk)
                  0000a2c2    00000006                   : gpio.obj (.text:GPIOPinRead)
                  0000a2c8    0000003c     sysbios.aem4f : BIOS.obj (.text:ti_sysbios_family_arm_m3_Hwi_excSvCall__I)
                  0000a304    00000004     --HOLE-- [fill = 0]
                  0000a308    0000003c                   : BIOS.obj (.text:ti_sysbios_heaps_HeapMem_init__I)
                  0000a344    00000004     --HOLE-- [fill = 0]
                  0000a348    0000003c                   : BIOS.obj (.text:ti_sysbios_knl_Swi_restore__E)
                  0000a384    0000003a     grlib.lib : string.obj (.text:FontGlyphDataGet)
                  0000a3be    0000003a     drivers_tivaware.aem4f : I2CTiva.oem4f (.text:I2CTiva_completeTransfer)
                  0000a3f8    00000038                            : I2C.oem4f (.text:I2C_init)
                  0000a430    00000038                            : PWM.oem4f (.text:PWM_init)
                  0000a468    00000038     driverlib.lib : sysctl.obj (.text:SysCtlPeripheralReady)
                  0000a4a0    00000038     rtsv7M4_T_le_v4SPD16_eabi.lib : trgmsg.c.obj (.text:__TI_writemsg)
                  0000a4d8    00000038                                   : fs_tod_t2.asm.obj (.text)
                  0000a510    00000038     sysbios.aem4f : BIOS.obj (.text:ti_sysbios_family_arm_m3_Hwi_excNoIsr__I)
                  0000a548    00000038                   : BIOS.obj (.text:ti_sysbios_knl_Task_processVitalTaskFlag__I)
                  0000a580    00000038     ti.targets.arm.rtsarm.aem4f : SysMin.oem4f (.text:xdc_runtime_SysMin_putch__E)
                  0000a5b8    00000038                                 : System.oem4f (.text:xdc_runtime_System_atexit__E)
                  0000a5f0    00000036     drivers_tivaware.aem4f : I2CTiva.oem4f (.text:I2CTiva_close)
                  0000a626    00000036     rtsv7M4_T_le_v4SPD16_eabi.lib : strncpy.c.obj (.text:strncpy)
                  0000a65c    00000034     driverlib.lib : sysctl.obj (.text:SysCtlPeripheralEnable)
                  0000a690    00000034     rtsv7M4_T_le_v4SPD16_eabi.lib : fopen.c.obj (.text:__TI_cleanup)
                  0000a6c4    00000034                                   : trgmsg.c.obj (.text:__TI_readmsg)
                  0000a6f8    00000034     sysbios.aem4f : BIOS.obj (.text:ti_sysbios_family_arm_m3_Hwi_Instance_finalize__E)
                  0000a72c    00000004     --HOLE-- [fill = 0]
                  0000a730    00000034                   : BIOS.obj (.text:ti_sysbios_family_arm_m3_Hwi_excNmi__I)
                  0000a764    00000034     ti.targets.arm.rtsarm.aem4f : Core-label.oem4f (.text:xdc_runtime_Core_assignLabel__I)
                  0000a798    00000033                                 : Text.oem4f (.text:xdc_runtime_Text_printVisFxn__I)
                  0000a7cb    00000005     --HOLE-- [fill = 0]
                  0000a7d0    00000032     sysbios.aem4f : BIOS.obj (.text:ti_sysbios_hal_Hwi_initStack)
                  0000a802    00000002     --HOLE-- [fill = 0]
                  0000a804    00000030     drivers_tivaware.aem4f : GPIOTiva.oem4f (.text:GPIO_enableInt)
                  0000a834    00000030                            : GPIOTiva.oem4f (.text:GPIO_read)
                  0000a864    00000030                            : I2C.oem4f (.text:I2C_open)
                  0000a894    00000030                            : PWMTiva.oem4f (.text:PWMTiva_init)
                  0000a8c4    00000030                            : PWM.oem4f (.text:PWM_open)
                  0000a8f4    00000030     rtsv7M4_T_le_v4SPD16_eabi.lib : getdevice.c.obj (.text:finddevice)
                  0000a924    00000030     motor.obj (.text:getHallPos)
                  0000a954    00000030     motor.obj (.text:gpioHallBCFxn)
                  0000a984    00000030     empty_min_pem4f.oem4f (.text:ti_sysbios_BIOS_atExitFunc__I)
                  0000a9b4    00000004     --HOLE-- [fill = 0]
                  0000a9b8    00000030     sysbios.aem4f : BIOS.obj (.text:ti_sysbios_family_arm_lm4_Timer_stop__E)
                  0000a9e8    00000030                   : BIOS.obj (.text:ti_sysbios_family_arm_m3_TaskSupport_start__E)
                  0000aa18    00000030     empty_min_pem4f.oem4f (.text:ti_sysbios_gates_GateHwi_Object__create__S)
                  0000aa48    00000030     empty_min_pem4f.oem4f (.text:ti_sysbios_gates_GateMutex_Object__create__S)
                  0000aa78    00000030     sysbios.aem4f : BIOS.obj (.text:ti_sysbios_gates_GateMutex_enter__E)
                  0000aaa8    00000030     empty_min_pem4f.oem4f (.text:ti_sysbios_heaps_HeapMem_Object__create__S)
                  0000aad8    00000030     empty_min_pem4f.oem4f (.text:ti_sysbios_knl_Semaphore_construct)
                  0000ab08    00000030     sysbios.aem4f : BIOS.obj (.text:ti_sysbios_knl_Semaphore_pendTimeout__I)
                  0000ab38    00000030                   : BIOS.obj (.text:ti_sysbios_knl_Task_unblockI__E)
                  0000ab68    00000030     ti.targets.arm.rtsarm.aem4f : SysMin.oem4f (.text:xdc_runtime_SysMin_abort__E)
                  0000ab98    00000030                                 : System.oem4f (.text:xdc_runtime_System_processAtExit__E)
                  0000abc8    0000002e     grlib.lib : string.obj (.text:GrStringNextCharGet)
                  0000abf6    0000002e     empty_min_pem4f.oem4f (.text:malloc)
                  0000ac24    0000002e     rtsv7M4_T_le_v4SPD16_eabi.lib : i_tofd_t2.asm.obj (.text)
                  0000ac52    0000002c     grlib.lib : string.obj (.text:GrFontBaselineGet)
                  0000ac7e    0000002c               : string.obj (.text:GrFontHeightGet)
                  0000acaa    0000002c               : pushbutton.obj (.text:RectangularButtonMsgProc)
                  0000acd6    0000002c               : widget.obj (.text:WidgetIsInTree)
                  0000ad02    00000002     --HOLE-- [fill = 0]
                  0000ad04    0000002c     empty_min_pem4f.oem4f (.text:ti_sysbios_knl_Clock_doTick__I)
                  0000ad30    0000002c     empty_min_pem4f.oem4f (.text:ti_sysbios_knl_Queue_construct)
                  0000ad5c    00000004     --HOLE-- [fill = 0]
                  0000ad60    0000002c     sysbios.aem4f : BIOS.obj (.text:ti_sysbios_knl_Task_restore__E)
                  0000ad8c    0000002c     rtsv7M4_T_le_v4SPD16_eabi.lib : unlink.c.obj (.text:unlink)
                  0000adb8    0000002c     ti.targets.arm.rtsarm.aem4f : Text.oem4f (.text:xdc_runtime_Text_cordText__E)
                  0000ade4    0000002a     driverlib.lib : gpio.obj (.text:GPIODirModeSet)
                  0000ae0e    0000002a     ti.targets.arm.rtsarm.aem4f : System.oem4f (.text:xdc_runtime_System_putchar__I)
                  0000ae38    00000028     Kentec320x240x16_ssd2119_spi.obj (.text:Kentec320x240x16_SSD2119ColorTranslate)
                  0000ae60    00000028     rtsv7M4_T_le_v4SPD16_eabi.lib : lseek.c.obj (.text:lseek)
                  0000ae88    00000028     sysbios.aem4f : BIOS.obj (.text:ti_sysbios_knl_Swi_Module_startup__E)
                  0000aeb0    00000028     rtsv7M4_T_le_v4SPD16_eabi.lib : write.c.obj (.text:write)
                  0000aed8    00000026     grlib.lib : string.obj (.text:GrFontInfoGet)
                  0000aefe    00000026     sysbios.aem4f : m3_Hwi_asm.obj (.text:ti_sysbios_family_arm_m3_Hwi_pendSV__I)
                  0000af24    00000026     ti.targets.arm.rtsarm.aem4f : System.oem4f (.text:xdc_runtime_System_avprintf__E)
                  0000af4a    00000002     --HOLE-- [fill = 0]
                  0000af4c    00000024     motor.obj (.text:gpioSW2Fxn)
                  0000af70    00000024     empty_min_pem4f.oem4f (.text:ti_sysbios_BIOS_errorRaiseHook__I)
                  0000af94    00000024     empty_min_pem4f.oem4f (.text:ti_sysbios_BIOS_registerRTSLock__I)
                  0000afb8    00000024     empty_min_pem4f.oem4f (.text:ti_sysbios_BIOS_removeRTSLock__I)
                  0000afdc    00000024     empty_min_pem4f.oem4f (.text:ti_sysbios_BIOS_startFunc__I)
                  0000b000    00000024     empty_min_pem4f.oem4f (.text:ti_sysbios_gates_GateMutex_Object__delete__S)
                  0000b024    00000004     --HOLE-- [fill = 0]
                  0000b028    00000024     sysbios.aem4f : BIOS.obj (.text:ti_sysbios_knl_Clock_Module_startup__E)
                  0000b04c    00000004     --HOLE-- [fill = 0]
                  0000b050    00000024                   : BIOS.obj (.text:ti_sysbios_knl_Semaphore_Instance_init__E)
                  0000b074    00000004     --HOLE-- [fill = 0]
                  0000b078    00000024                   : BIOS.obj (.text:ti_sysbios_knl_Task_restoreHwi__E)
                  0000b09c    00000024     ti.targets.arm.rtsarm.aem4f : System.oem4f (.text:xdc_runtime_System_vprintf__E)
                  0000b0c0    00000022     grlib.lib : string.obj (.text:GrFontGlyphDataGet)
                  0000b0e2    00000022     driverlib.lib : pwm.obj (.text:PWMGenConfigure)
                  0000b104    00000022     drivers_tivaware.aem4f : PWMTiva.oem4f (.text:PWMTiva_getPeriodCounts)
                  0000b126    00000002     --HOLE-- [fill = 0]
                  0000b128    00000022     sysbios.aem4f : BIOS.obj (.text:ti_sysbios_family_arm_lm4_Timer_write__I)
                  0000b14a    00000022     empty_min_pem4f.oem4f (.text:xdc_runtime_SysMin_output__I)
                  0000b16c    00000020     Boot.aem4f : Boot_sysctl.oem4f (.text:_SysCtlMemTimingGet)
                  0000b18c    00000020     driverlib.lib : sysctl.obj (.text:_SysCtlMemTimingGet)
                  0000b1ac    00000020     motor.obj (.text:gpioSW1Fxn)
                  0000b1cc    00000020     rtsv7M4_T_le_v4SPD16_eabi.lib : memchr.c.obj (.text:memchr)
                  0000b1ec    00000020                                   : fputs.c.obj (.text:puts)
                  0000b20c    00000020                                   : u_tofd_t2.asm.obj (.text)
                  0000b22c    00000020     empty_min_pem4f.oem4f (.text:ti_sysbios_BIOS_rtsLock__I)
                  0000b24c    00000020     sysbios.aem4f : m3_Hwi_asm.obj (.text:ti_sysbios_family_arm_m3_Hwi_excHandlerAsm__I)
                  0000b26c    00000004     --HOLE-- [fill = 0]
                  0000b270    00000020                   : BIOS.obj (.text:ti_sysbios_family_arm_m3_Hwi_excHandler__I)
                  0000b290    00000020     empty_min_pem4f.oem4f (.text:ti_sysbios_gates_GateHwi_Object__delete__S)
                  0000b2b0    00000020     empty_min_pem4f.oem4f (.text:ti_sysbios_heaps_HeapMem_Object__delete__S)
                  0000b2d0    00000020     sysbios.aem4f : BIOS.obj (.text:ti_sysbios_knl_Idle_run__E)
                  0000b2f0    00000020     empty_min_pem4f.oem4f (.text:ti_sysbios_knl_Semaphore_Object__destruct__S)
                  0000b310    00000020     ti.targets.arm.rtsarm.aem4f : Registry.oem4f (.text:xdc_runtime_Registry_findById__E)
                  0000b330    00000020                                 : SysMin.oem4f (.text:xdc_runtime_SysMin_Module_startup__E)
                  0000b350    0000001e     grlib.lib : string.obj (.text:GrFontCodepageGet)
                  0000b36e    0000001e     driverlib.lib : pwm.obj (.text:PWMPulseWidthSet)
                  0000b38c    0000001e     drivers_tivaware.aem4f : PWMTiva.oem4f (.text:PWMTiva_getPeriodMicroSecs)
                  0000b3aa    0000001e     grlib.lib : widget.obj (.text:WidgetAdd)
                  0000b3c8    0000001e     sysbios.aem4f : m3_Hwi_asm_switch.obj (.text:ti_sysbios_family_xxx_Hwi_switchAndRunFunc)
                  0000b3e6    00000002     --HOLE-- [fill = 0]
                  0000b3e8    0000001c     grlib.lib : widget.obj (.text:WidgetPointerMessage)
                  0000b404    0000001c     drivers_tivaware.aem4f : GPIOTiva.oem4f (.text:getGpioIntIndex)
                  0000b420    0000001c     rtsv7M4_T_le_v4SPD16_eabi.lib : memccpy.c.obj (.text:memccpy)
                  0000b43c    0000001c     empty_min_pem4f.oem4f (.text:ti_sysbios_family_arm_m3_Hwi_Object__destruct__S)
                  0000b458    0000001c     sysbios.aem4f : BIOS.obj (.text:ti_sysbios_gates_GateMutex_Instance_init__E)
                  0000b474    0000001c     empty_min_pem4f.oem4f (.text:ti_sysbios_knl_Queue_Object__destruct__S)
                  0000b490    0000001c     sysbios.aem4f : BIOS.obj (.text:ti_sysbios_knl_Queue_put__E)
                  0000b4ac    00000004     --HOLE-- [fill = 0]
                  0000b4b0    0000001c                   : BIOS.obj (.text:ti_sysbios_knl_Task_enter__I)
                  0000b4cc    0000001c     ti.targets.arm.rtsarm.aem4f : Error.oem4f (.text:xdc_runtime_Error_raiseX__E)
                  0000b4e8    0000001c                                 : Memory.oem4f (.text:xdc_runtime_Memory_valloc__E)
                  0000b504    0000001c                                 : SysMin.oem4f (.text:xdc_runtime_SysMin_exit__E)
                  0000b520    0000001c                                 : System.oem4f (.text:xdc_runtime_System_abort__E)
                  0000b53c    0000001a     rtsv7M4_T_le_v4SPD16_eabi.lib : s_copysign.c.obj (.text:copysign)
                  0000b556    0000001a     empty_min_pem4f.oem4f (.text:free)
                  0000b570    0000001a     empty_min_pem4f.oem4f (.text:ti_sysbios_family_arm_m3_Hwi_Handle__label__S)
                  0000b58a    0000001a     empty_min_pem4f.oem4f (.text:ti_sysbios_gates_GateHwi_Handle__label__S)
                  0000b5a4    0000001a     empty_min_pem4f.oem4f (.text:ti_sysbios_gates_GateMutex_Handle__label__S)
                  0000b5be    0000001a     empty_min_pem4f.oem4f (.text:ti_sysbios_heaps_HeapMem_Handle__label__S)
                  0000b5d8    0000001a     empty_min_pem4f.oem4f (.text:ti_sysbios_knl_Swi_Handle__label__S)
                  0000b5f2    0000001a     empty_min_pem4f.oem4f (.text:ti_sysbios_knl_Task_Handle__label__S)
                  0000b60c    0000001a     empty_min_pem4f.oem4f (.text:xdc_runtime_System_aprintf__E)
                  0000b626    0000001a     empty_min_pem4f.oem4f (.text:xdc_runtime_System_printf__E)
                  0000b640    00000018     driverlib.lib : gpio.obj (.text:GPIOPinTypeGPIOOutput)
                  0000b658    00000018                   : timer.obj (.text:TimerControlLevel)
                  0000b670    00000018                   : timer.obj (.text:TimerDisable)
                  0000b688    00000018     rtsv7M4_T_le_v4SPD16_eabi.lib : args_main.c.obj (.text:_args_main)
                  0000b6a0    00000018                                   : sprintf.c.obj (.text:_outs)
                  0000b6b8    00000018     motor.obj (.text:stoppingMotor)
                  0000b6d0    00000018     rtsv7M4_T_le_v4SPD16_eabi.lib : strcmp.c.obj (.text:strcmp)
                  0000b6e8    00000018     empty_min_pem4f.oem4f (.text:ti_sysbios_BIOS_rtsUnlock__I)
                  0000b700    00000018     empty_min_pem4f.oem4f (.text:ti_sysbios_family_arm_lm4_Timer_Module__startupDone__F)
                  0000b718    00000018     empty_min_pem4f.oem4f (.text:ti_sysbios_family_arm_m3_Hwi_Module__startupDone__F)
                  0000b730    00000018     sysbios.aem4f : m3_TaskSupport_asm.obj (.text:ti_sysbios_family_arm_m3_TaskSupport_swap__E)
                  0000b748    00000018                   : BIOS.obj (.text:ti_sysbios_gates_GateMutex_leave__E)
                  0000b760    00000018     ti.targets.arm.rtsarm.aem4f : Error.oem4f (.text:xdc_runtime_Error_check__E)
                  0000b778    00000018                                 : System.oem4f (.text:xdc_runtime_System_exit__E)
                  0000b790    00000018                                 : Text.oem4f (.text:xdc_runtime_Text_ropeText__E)
                  0000b7a8    00000016     grlib.lib : string.obj (.text:GrStringDraw)
                  0000b7be    00000016     driverlib.lib : i2c.obj (.text:I2CMasterErr)
                  0000b7d4    00000016     rtsv7M4_T_le_v4SPD16_eabi.lib : strchr.c.obj (.text:strchr)
                  0000b7ea    00000016     empty_min_pem4f.oem4f (.text:ti_sysbios_BIOS_exitFunc__I)
                  0000b800    00000016     empty_min.obj (.text:ti_sysbios_knl_Task_Params_init)
                  0000b816    00000014     grlib.lib : canvas.obj (.text:CanvasMsgProc)
                  0000b82a    00000002     --HOLE-- [fill = 0]
                  0000b82c    00000014     Kentec320x240x16_ssd2119_spi.obj (.text:LED_OFF)
                  0000b840    00000014     Kentec320x240x16_ssd2119_spi.obj (.text:LED_ON)
                  0000b854    00000014     driverlib.lib : pwm.obj (.text:PWMClockSet)
                  0000b868    00000014                   : sysctl.obj (.text:SysCtlPWMClockSet)
                  0000b87c    00000014     touch.obj (.text:TouchScreenCallbackSet)
                  0000b890    00000014     grlib.lib : widget.obj (.text:WidgetMutexGet)
                  0000b8a4    00000014     rtsv7M4_T_le_v4SPD16_eabi.lib : strcpy.c.obj (.text:strcpy)
                  0000b8b8    00000014                                   : strlen.c.obj (.text:strlen)
                  0000b8cc    00000014     empty_min_pem4f.oem4f (.text:ti_sysbios_family_arm_m3_Hwi_Object__get__S)
                  0000b8e0    00000014     sysbios.aem4f : BIOS.obj (.text:ti_sysbios_family_arm_m3_Hwi_switchFromBootStack__E)
                  0000b8f4    00000014     empty_min_pem4f.oem4f (.text:ti_sysbios_heaps_HeapMem_Object__get__S)
                  0000b908    00000014     empty_min_pem4f.oem4f (.text:ti_sysbios_knl_Swi_Object__get__S)
                  0000b91c    00000012     driverlib.lib : gpio.obj (.text:GPIOPinTypeI2C)
                  0000b92e    00000012                   : gpio.obj (.text:GPIOPinTypeI2CSCL)
                  0000b940    00000012                   : gpio.obj (.text:GPIOPinTypePWM)
                  0000b952    00000012                   : gpio.obj (.text:GPIOPinTypeSSI)
                  0000b964    00000012                   : gpio.obj (.text:GPIOPinTypeTimer)
                  0000b976    00000012                   : pwm.obj (.text:PWMGenPeriodGet)
                  0000b988    00000012                   : pwm.obj (.text:PWMOutputInvert)
                  0000b99a    00000012                   : pwm.obj (.text:PWMOutputState)
                  0000b9ac    00000012                   : ssi.obj (.text:SSIDataGetNonBlocking)
                  0000b9be    00000012                   : timer.obj (.text:TimerLoadSet)
                  0000b9d0    00000012                   : timer.obj (.text:TimerMatchSet)
                  0000b9e2    00000012                   : timer.obj (.text:TimerPrescaleMatchSet)
                  0000b9f4    00000012                   : timer.obj (.text:TimerPrescaleSet)
                  0000ba06    00000002     --HOLE-- [fill = 0]
                  0000ba08    00000012     sysbios.aem4f : BIOS.obj (.text:ti_sysbios_hal_Hwi_Module_startup__E)
                  0000ba1a    00000012     rtsv7M4_T_le_v4SPD16_eabi.lib : wcslen.c.obj (.text:wcslen)
                  0000ba2c    00000012     empty_min_pem4f.oem4f (.text:xdc_runtime_Startup_exec__I)
                  0000ba3e    00000002     --HOLE-- [fill = 0]
                  0000ba40    00000010     empty_min_pem4f.oem4f (.text:.bootCodeSection:ti_catalog_arm_cortexm4_tiva_ce_Boot_init__I)
                  0000ba50    00000010     driverlib.lib : adc.obj (.text:ADCIntEnable)
                  0000ba60    00000010                   : fpu.obj (.text:FPUEnable)
                  0000ba70    00000010                   : fpu.obj (.text:FPULazyStackingEnable)
                  0000ba80    00000010     drivers_tivaware.aem4f : I2C.oem4f (.text:I2C_Params_init)
                  0000ba90    00000010     driverlib.lib : interrupt.obj (.text:IntMasterEnable)
                  0000baa0    00000010                   : pwm.obj (.text:PWMGenPeriodSet)
                  0000bab0    00000010     drivers_tivaware.aem4f : PWM.oem4f (.text:PWM_Params_init)
                  0000bac0    00000010     sysbios.aem4f : BIOS.obj (.text:ti_sysbios_BIOS_getCpuFreq__E)
                  0000bad0    00000010                   : BIOS.obj (.text:ti_sysbios_BIOS_setThreadType__E)
                  0000bae0    00000010                   : BIOS.obj (.text:ti_sysbios_BIOS_start__E)
                  0000baf0    00000010                   : m3_TaskSupport_asm.obj (.text:ti_sysbios_family_arm_m3_TaskSupport_glue)
                  0000bb00    00000010                   : BIOS.obj (.text:ti_sysbios_gates_GateMutex_Instance_finalize__E)
                  0000bb10    00000010                   : BIOS.obj (.text:ti_sysbios_knl_Semaphore_Instance_finalize__E)
                  0000bb20    00000010                   : BIOS.obj (.text:ti_sysbios_knl_Swi_disable__E)
                  0000bb30    00000010                   : BIOS.obj (.text:ti_sysbios_knl_Task_disable__E)
                  0000bb40    00000010     ti.targets.arm.rtsarm.aem4f : Gate.oem4f (.text:xdc_runtime_Gate_leaveSystem__E)
                  0000bb50    00000010                                 : Memory.oem4f (.text:xdc_runtime_Memory_free__E)
                  0000bb60    00000010                                 : SysMin.oem4f (.text:xdc_runtime_SysMin_ready__E)
                  0000bb70    00000010                                 : System.oem4f (.text:xdc_runtime_System_vsnprintf__E)
                  0000bb80    00000010     empty_min_pem4f.oem4f (.text:xdc_runtime_Text_visitRope__I)
                  0000bb90    0000000e     driverlib.lib : adc.obj (.text:ADCSequenceEnable)
                  0000bb9e    0000000e                   : gpio.obj (.text:GPIOIntStatus)
                  0000bbac    0000000e     grlib.lib : image.obj (.text:GrImageDraw)
                  0000bbba    0000000e     driverlib.lib : timer.obj (.text:TimerEnable)
                  0000bbc8    0000000e     rtsv7M4_T_le_v4SPD16_eabi.lib : copy_decompress_none.c.obj (.text:decompress:none:__TI_decompress_none)
                  0000bbd6    00000002     --HOLE-- [fill = 0]
                  0000bbd8    0000000e     sysbios.aem4f : BIOS.obj (.text:ti_sysbios_knl_Queue_empty__E)
                  0000bbe6    0000000e     empty_min_pem4f.oem4f (.text:ti_sysbios_knl_Task_Object__get__S)
                  0000bbf4    0000000c     driverlib.lib : cpu.obj (.text:CPUcpsie)
                  0000bc00    0000000c                   : gpio.obj (.text:GPIOIntEnable)
                  0000bc0c    0000000c                   : pwm.obj (.text:PWMGenDisable)
                  0000bc18    0000000c                   : pwm.obj (.text:PWMGenEnable)
                  0000bc24    0000000c     rtsv7M4_T_le_v4SPD16_eabi.lib : _lock.c.obj (.text:_register_lock)
                  0000bc30    0000000c                                   : _lock.c.obj (.text:_register_unlock)
                  0000bc3c    0000000c                                   : copy_zero_init.c.obj (.text:decompress:ZI:__TI_zero_init)
                  0000bc48    0000000c     sensor.obj (.text:getLux)
                  0000bc54    00000004     --HOLE-- [fill = 0]
                  0000bc58    0000000c     sysbios.aem4f : BIOS.obj (.text:ti_sysbios_family_arm_lm4_Timer_getAvailMask__E)
                  0000bc64    00000004     --HOLE-- [fill = 0]
                  0000bc68    0000000c                   : BIOS.obj (.text:ti_sysbios_family_arm_lm4_Timer_getMaxTicks__E)
                  0000bc74    0000000c     empty_min_pem4f.oem4f (.text:ti_sysbios_family_arm_m3_Hwi_Params__init__S)
                  0000bc80    0000000c     sysbios.aem4f : BIOS.obj (.text:ti_sysbios_family_arm_m3_Hwi_disableFxn__E)
                  0000bc8c    00000004     --HOLE-- [fill = 0]
                  0000bc90    0000000c                   : BIOS.obj (.text:ti_sysbios_family_arm_m3_TaskSupport_getStackAlignment__E)
                  0000bc9c    00000004     --HOLE-- [fill = 0]
                  0000bca0    0000000c                   : BIOS.obj (.text:ti_sysbios_gates_GateHwi_enter__E)
                  0000bcac    00000004     --HOLE-- [fill = 0]
                  0000bcb0    0000000c                   : BIOS.obj (.text:ti_sysbios_knl_Clock_getTicks__E)
                  0000bcbc    0000000c     empty_min_pem4f.oem4f (.text:ti_sysbios_knl_Queue_Object__get__S)
                  0000bcc8    0000000c     empty_min_pem4f.oem4f (.text:ti_sysbios_knl_Semaphore_Params__init__S)
                  0000bcd4    0000000c     empty_min_pem4f.oem4f (.text:ti_sysbios_knl_Task_Params__init__S)
                  0000bce0    0000000c     ti.targets.arm.rtsarm.aem4f : Error.oem4f (.text:xdc_runtime_Error_init__E)
                  0000bcec    0000000c                                 : Gate.oem4f (.text:xdc_runtime_Gate_enterSystem__E)
                  0000bcf8    0000000c                                 : Memory.oem4f (.text:xdc_runtime_Memory_calloc__E)
                  0000bd04    0000000c                                 : Memory.oem4f (.text:xdc_runtime_Memory_getMaxDefaultTypeAlign__E)
                  0000bd10    0000000a     driverlib.lib : i2c.obj (.text:I2CMasterDisable)
                  0000bd1a    0000000a                   : i2c.obj (.text:I2CMasterEnable)
                  0000bd24    0000000a     drivers_tivaware.aem4f : I2CTiva.oem4f (.text:I2CTiva_init)
                  0000bd2e    0000000a                            : I2C.oem4f (.text:I2C_transfer)
                  0000bd38    0000000a     Kentec320x240x16_ssd2119_spi.obj (.text:Kentec320x240x16_SSD2119Flush)
                  0000bd42    0000000a     drivers_tivaware.aem4f : PWMTimerTiva.oem4f (.text:PWMTimerTiva_getPeriodCounts)
                  0000bd4c    0000000a                            : PWM.oem4f (.text:PWM_setDuty)
                  0000bd56    0000000a     driverlib.lib : ssi.obj (.text:SSIDataPut)
                  0000bd60    0000000a                   : ssi.obj (.text:SSIEnable)
                  0000bd6a    0000000a     rtsv7M4_T_le_v4SPD16_eabi.lib : sprintf.c.obj (.text:_outc)
                  0000bd74    0000000a     UI.obj (.text:decreaseBttnPress)
                  0000bd7e    0000000a     UI.obj (.text:increaseBttnPress)
                  0000bd88    0000000a     empty_min_pem4f.oem4f (.text:xdc_runtime_IHeap_alloc)
                  0000bd92    0000000a     empty_min_pem4f.oem4f (.text:xdc_runtime_IHeap_free)
                  0000bd9c    00000008     EK_TM4C1294XL.obj (.text:EK_TM4C1294XL_initGPIO)
                  0000bda4    00000008     grlib.lib : charmap.obj (.text:GrMapISO8859_1_Unicode)
                  0000bdac    00000008     driverlib.lib : i2c.obj (.text:I2CMasterIntClear)
                  0000bdb4    00000008                   : i2c.obj (.text:I2CMasterSlaveAddrSet)
                  0000bdbc    00000008     drivers_tivaware.aem4f : I2CTiva.oem4f (.text:I2CTiva_blockingCallback)
                  0000bdc4    00000008                            : PWMTimerTiva.oem4f (.text:PWMTimerTiva_init)
                  0000bdcc    00000008     driverlib.lib : ssi.obj (.text:SSIBusy)
                  0000bdd4    00000008     rtsv7M4_T_le_v4SPD16_eabi.lib : errno.c.obj (.text:__aeabi_errno_addr)
                  0000bddc    00000008     sysbios.aem4f : BIOS.obj (.text:ti_sysbios_family_arm_lm4_Timer_masterDisable__I)
                  0000bde4    00000004     --HOLE-- [fill = 0]
                  0000bde8    00000008                   : BIOS.obj (.text:ti_sysbios_family_arm_m3_Hwi_doSwiRestore__I)
                  0000bdf0    00000008                   : BIOS.obj (.text:ti_sysbios_family_arm_m3_Hwi_startup__E)
                  0000bdf8    00000006     driverlib.lib : gpio.obj (.text:GPIOPinWrite)
                  0000bdfe    00000006     grlib.lib : string.obj (.text:GrContextFontSet)
                  0000be04    00000006     driverlib.lib : i2c.obj (.text:I2CMasterIntDisable)
                  0000be0a    00000006                   : i2c.obj (.text:I2CMasterIntEnable)
                  0000be10    00000006     drivers_tivaware.aem4f : I2CTiva.oem4f (.text:I2CTiva_control)
                  0000be16    00000006                            : PWMTimerTiva.oem4f (.text:PWMTimerTiva_getPeriodMicroSecs)
                  0000be1c    00000006     driverlib.lib : sysctl.obj (.text:SysCtlDelay)
                  0000be22    00000006     grlib.lib : widget.obj (.text:WidgetMutexPut)
                  0000be28    00000006     sysbios.aem4f : BIOS.obj (.text:ti_sysbios_family_arm_m3_Hwi_doTaskRestore__I)
                  0000be2e    00000002     --HOLE-- [fill = 0]
                  0000be30    00000006                   : BIOS.obj (.text:ti_sysbios_family_arm_m3_Hwi_restoreFxn__E)
                  0000be36    00000002     --HOLE-- [fill = 0]
                  0000be38    00000006                   : BIOS.obj (.text:ti_sysbios_gates_GateHwi_leave__E)
                  0000be3e    00000002     --HOLE-- [fill = 0]
                  0000be40    00000006                   : BIOS.obj (.text:ti_sysbios_heaps_HeapMem_isBlocking__E)
                  0000be46    00000002     --HOLE-- [fill = 0]
                  0000be48    00000006                   : BIOS.obj (.text:ti_sysbios_knl_Queue_Instance_init__E)
                  0000be4e    00000002     --HOLE-- [fill = 0]
                  0000be50    00000006                   : BIOS.obj (.text:ti_sysbios_knl_Swi_startup__E)
                  0000be56    00000006     ti.targets.arm.rtsarm.aem4f : System.oem4f (.text:xdc_runtime_System_Module_startup__E)
                  0000be5c    00000004     --HOLE-- [fill = 0]
                  0000be60    00000004     sysbios.aem4f : BIOS.obj (.text:ti_sysbios_gates_GateHwi_query__E)
                  0000be64    00000004     --HOLE-- [fill = 0]
                  0000be68    00000004                   : BIOS.obj (.text:ti_sysbios_gates_GateMutex_query__E)
                  0000be6c    00000004     --HOLE-- [fill = 0]
                  0000be70    00000004                   : BIOS.obj (.text:ti_sysbios_knl_Task_startup__E)
                  0000be74    00000004     --HOLE-- [fill = 0]
                  0000be78    00000002                   : BIOS.obj (.text:ti_sysbios_gates_GateHwi_Instance_init__E)
                  0000be7a    00000006     --HOLE-- [fill = 0]
                  0000be80    00000002                   : BIOS.obj (.text:ti_sysbios_knl_Clock_logTick__E)

.const     0    0000be88    000076be     
                  0000be88    00001a46     frame.obj (.const:.string:g_pui8Top)
                  0000d8ce    00001860     empty_min_pem4f.oem4f (.const:xdc_runtime_Text_charTab__A)
                  0000f12e    00000002     empty_min_pem4f.oem4f (.const:ti_catalog_arm_cortexm4_tiva_ce_Boot_Module__id__C)
                  0000f130    00001000     rtsv7M4_T_le_v4SPD16_eabi.lib : s_exp2.c.obj (.const:tbl)
                  00010130    00000786     frame.obj (.const:.string:g_pui8Bottom)
                  000108b6    00000782     grlib.lib : fontcmss18b.obj (.const:.string:g_pui8Cmss18bData)
                  00011038    000006ca               : fontcmss16b.obj (.const:.string:g_pui8Cmss16bData)
                  00011702    00000546     frame.obj (.const:.string:g_pui8Left)
                  00011c48    00000546     frame.obj (.const:.string:g_pui8Right)
                  0001218e    00000002     empty_min_pem4f.oem4f (.const:ti_sysbios_family_arm_m3_Hwi_Module__id__C)
                  00012190    000001b0     driverlib.lib : sysctl.obj (.const:g_pppui32XTALtoVCO)
                  00012340    0000017c     frame.obj (.const:.string:g_pui8TopLeft)
                  000124bc    00000173     frame.obj (.const:.string:g_pui8TopRight)
                  0001262f    00000001     empty_min_pem4f.oem4f (.const:xdc_runtime_Error_policy__C)
                  00012630    00000120     Boot.aem4f : Boot_sysctl.oem4f (.const:g_pppui32XTALtoVCO)
                  00012750    00000101     rtsv7M4_T_le_v4SPD16_eabi.lib : ctype.c.obj (.const:.string:_ctypes_)
                  00012851    000000d0     frame.obj (.const:.string:g_pui8BottomLeft)
                  00012921    00000001     --HOLE-- [fill = 0]
                  00012922    00000002     empty_min_pem4f.oem4f (.const:ti_sysbios_heaps_HeapMem_Module__id__C)
                  00012924    000000c8     grlib.lib : fontcmss16b.obj (.const:g_sFontCmss16b)
                  000129ec    000000c8               : fontcmss18b.obj (.const:g_sFontCmss18b)
                  00012ab4    000000c4     frame.obj (.const:.string:g_pui8BottomRight)
                  00012b78    000000bc     empty_min_pem4f.oem4f (.const:xdc_runtime_Text_nodeTab__A)
                  00012c34    00000090     driverlib.lib : gpio.obj (.const:g_pui32GPIOBaseAddrs)
                  00012cc4    00000070                   : interrupt.obj (.const)
                  00012d34    0000006c     Boot.aem4f : Boot_sysctl.oem4f (.const:g_pui32Xtals)
                  00012da0    0000006c     driverlib.lib : sysctl.obj (.const:g_pui32Xtals)
                  00012e0c    00000060     MotorLib.lib : motorlib.obj (.const:PWM_config)
                  00012e6c    00000054     drivers_tivaware.aem4f : GPIOTiva.oem4f (.const:.string)
                  00012ec0    00000054     MotorLib.lib : motorlib.obj (.const:motorLibPWMTivaHWAttrs)
                  00012f14    00000048     empty_min_pem4f.oem4f (.const:.string)
                  00012f5c    00000048     drivers_tivaware.aem4f : GPIOTiva.oem4f (.const:gpioBaseAddresses)
                  00012fa4    0000003c     empty_min_pem4f.oem4f (.const:ti_sysbios_knl_Task_Object__PARAMS__C)
                  00012fe0    00000030     Boot.aem4f : Boot_sysctl.oem4f (.const:g_sXTALtoMEMTIM)
                  00013010    00000030     driverlib.lib : sysctl.obj (.const:g_sXTALtoMEMTIM)
                  00013040    00000030     empty_min_pem4f.oem4f (.const:ti_sysbios_family_arm_m3_Hwi_Object__PARAMS__C)
                  00013070    00000028     Kentec320x240x16_ssd2119_spi.obj (.const:g_sKentec320x240x16_SSD2119)
                  00013098    00000028     empty_min_pem4f.oem4f (.const:ti_sysbios_heaps_HeapMem_Module__FXNS__C)
                  000130c0    00000024     EK_TM4C1294XL.obj (.const:I2C_config)
                  000130e4    00000024     empty_min_pem4f.oem4f (.const:ti_sysbios_gates_GateHwi_Module__FXNS__C)
                  00013108    00000024     empty_min_pem4f.oem4f (.const:ti_sysbios_gates_GateMutex_Module__FXNS__C)
                  0001312c    00000024     empty_min_pem4f.oem4f (.const:ti_sysbios_heaps_HeapMem_Object__PARAMS__C)
                  00013150    00000024     empty_min_pem4f.oem4f (.const:ti_sysbios_knl_Semaphore_Object__PARAMS__C)
                  00013174    00000020     drivers_tivaware.aem4f : PWMTimerTiva.oem4f (.const)
                  00013194    00000020                            : PWMTiva.oem4f (.const)
                  000131b4    00000020     empty_min_pem4f.oem4f (.const:ti_sysbios_family_arm_m3_Hwi_Object__DESC__C)
                  000131d4    00000020     empty_min_pem4f.oem4f (.const:ti_sysbios_gates_GateHwi_Object__DESC__C)
                  000131f4    00000020     empty_min_pem4f.oem4f (.const:ti_sysbios_gates_GateMutex_Object__DESC__C)
                  00013214    00000020     empty_min_pem4f.oem4f (.const:ti_sysbios_heaps_HeapMem_Object__DESC__C)
                  00013234    00000020     empty_min_pem4f.oem4f (.const:ti_sysbios_knl_Queue_Object__DESC__C)
                  00013254    00000020     empty_min_pem4f.oem4f (.const:ti_sysbios_knl_Semaphore_Object__DESC__C)
                  00013274    00000020     empty_min_pem4f.oem4f (.const:ti_sysbios_knl_Task_Object__DESC__C)
                  00013294    00000020     empty_min_pem4f.oem4f (.const:xdc_runtime_Startup_sfxnTab__A)
                  000132b4    0000001c     drivers_tivaware.aem4f : I2CTiva.oem4f (.const)
                  000132d0    0000001c     touch.obj (.const:g_pi32TouchParameters)
                  000132ec    00000018     EK_TM4C1294XL.obj (.const:i2cTivaHWAttrs)
                  00013304    00000018     empty_min_pem4f.oem4f (.const:ti_sysbios_gates_GateHwi_Object__PARAMS__C)
                  0001331c    00000018     empty_min_pem4f.oem4f (.const:ti_sysbios_gates_GateMutex_Object__PARAMS__C)
                  00013334    00000018     empty_min_pem4f.oem4f (.const:ti_sysbios_knl_Queue_Object__PARAMS__C)
                  0001334c    00000016     UI.obj (.const:.string)
                  00013362    00000002     empty_min_pem4f.oem4f (.const:xdc_runtime_Core_Module__id__C)
                  00013364    00000014     EK_TM4C1294XL.obj (.const:GPIOTiva_config)
                  00013378    00000014     empty_min_pem4f.oem4f (.const:xdc_runtime_Startup_firstFxns__A)
                  0001338c    00000010     drivers_tivaware.aem4f : I2C.oem4f (.const)
                  0001339c    00000010     grlib.lib : context.obj (.const)
                  000133ac    00000010     MotorLib.lib : motorlib.obj (.const:motorLibPWMTimerTivaHWAttrs)
                  000133bc    00000010     empty_min_pem4f.oem4f (.const:xdc_runtime_Startup_sfxnRts__A)
                  000133cc    0000000c     drivers_tivaware.aem4f : PWM.oem4f (.const)
                  000133d8    00000008     Boot.aem4f : Boot_sysctl.oem4f (.const)
                  000133e0    00000008     driverlib.lib : sysctl.obj (.const)
                  000133e8    00000008     empty_min_pem4f.oem4f (.const:ti_sysbios_family_arm_m3_Hwi_excHookFuncs__A)
                  000133f0    00000008     empty_min_pem4f.oem4f (.const:ti_sysbios_knl_Idle_funcList__C)
                  000133f8    00000008     empty_min_pem4f.oem4f (.const:xdc_runtime_Startup_firstFxns__C)
                  00013400    00000008     empty_min_pem4f.oem4f (.const:xdc_runtime_Startup_lastFxns__C)
                  00013408    00000004     empty_min_pem4f.oem4f (.const:ti_catalog_arm_cortexm4_tiva_ce_Boot_A_mustNotUseEnhancedClockMode__C)
                  0001340c    00000004     empty_min_pem4f.oem4f (.const:ti_catalog_arm_cortexm4_tiva_ce_Boot_Module__diagsEnabled__C)
                  00013410    00000004     empty_min_pem4f.oem4f (.const:ti_catalog_arm_cortexm4_tiva_ce_Boot_Module__diagsIncluded__C)
                  00013414    00000004     empty_min_pem4f.oem4f (.const:ti_catalog_arm_cortexm4_tiva_ce_Boot_Module__diagsMask__C)
                  00013418    00000004     empty_min_pem4f.oem4f (.const:ti_sysbios_family_arm_lm4_Timer_enableFunc__C)
                  0001341c    00000004     empty_min_pem4f.oem4f (.const:ti_sysbios_family_arm_lm4_Timer_numTimerDevices__C)
                  00013420    00000004     empty_min_pem4f.oem4f (.const:ti_sysbios_family_arm_lm4_Timer_startupNeeded__C)
                  00013424    00000004     empty_min_pem4f.oem4f (.const:ti_sysbios_family_arm_m3_Hwi_E_NMI__C)
                  00013428    00000004     empty_min_pem4f.oem4f (.const:ti_sysbios_family_arm_m3_Hwi_E_alreadyDefined__C)
                  0001342c    00000004     empty_min_pem4f.oem4f (.const:ti_sysbios_family_arm_m3_Hwi_E_busFault__C)
                  00013430    00000004     empty_min_pem4f.oem4f (.const:ti_sysbios_family_arm_m3_Hwi_E_debugMon__C)
                  00013434    00000004     empty_min_pem4f.oem4f (.const:ti_sysbios_family_arm_m3_Hwi_E_hardFault__C)
                  00013438    00000004     empty_min_pem4f.oem4f (.const:ti_sysbios_family_arm_m3_Hwi_E_memFault__C)
                  0001343c    00000004     empty_min_pem4f.oem4f (.const:ti_sysbios_family_arm_m3_Hwi_E_noIsr__C)
                  00013440    00000004     empty_min_pem4f.oem4f (.const:ti_sysbios_family_arm_m3_Hwi_E_reserved__C)
                  00013444    00000004     empty_min_pem4f.oem4f (.const:ti_sysbios_family_arm_m3_Hwi_E_svCall__C)
                  00013448    00000004     empty_min_pem4f.oem4f (.const:ti_sysbios_family_arm_m3_Hwi_E_usageFault__C)
                  0001344c    00000004     empty_min_pem4f.oem4f (.const:ti_sysbios_family_arm_m3_Hwi_NUM_INTERRUPTS__C)
                  00013450    00000004     empty_min_pem4f.oem4f (.const:ti_sysbios_family_arm_m3_Hwi_Object__count__C)
                  00013454    00000004     empty_min_pem4f.oem4f (.const:ti_sysbios_family_arm_m3_Hwi_ccr__C)
                  00013458    00000004     empty_min_pem4f.oem4f (.const:ti_sysbios_family_arm_m3_Hwi_excHandlerFunc__C)
                  0001345c    00000004     empty_min_pem4f.oem4f (.const:ti_sysbios_family_arm_m3_Hwi_excHookFuncs__C)
                  00013460    00000004     empty_min_pem4f.oem4f (.const:ti_sysbios_family_arm_m3_Hwi_nullIsrFunc__C)
                  00013464    00000004     empty_min_pem4f.oem4f (.const:ti_sysbios_family_arm_m3_Hwi_priGroup__C)
                  00013468    00000004     empty_min_pem4f.oem4f (.const:ti_sysbios_family_arm_m3_TaskSupport_stackAlignment__C)
                  0001346c    00000004     empty_min_pem4f.oem4f (.const:ti_sysbios_gates_GateMutex_Instance_State_sem__O)
                  00013470    00000004     empty_min_pem4f.oem4f (.const:ti_sysbios_heaps_HeapMem_E_memory__C)
                  00013474    00000004     empty_min_pem4f.oem4f (.const:ti_sysbios_heaps_HeapMem_Module__gateObj__C)
                  00013478    00000004     empty_min_pem4f.oem4f (.const:ti_sysbios_heaps_HeapMem_Object__count__C)
                  0001347c    00000004     empty_min_pem4f.oem4f (.const:ti_sysbios_heaps_HeapMem_reqAlign__C)
                  00013480    00000004     empty_min_pem4f.oem4f (.const:ti_sysbios_knl_Clock_Module_State_clockQ__O)
                  00013484    00000004     empty_min_pem4f.oem4f (.const:ti_sysbios_knl_Semaphore_Instance_State_pendQ__O)
                  00013488    00000004     empty_min_pem4f.oem4f (.const:ti_sysbios_knl_Swi_Object__count__C)
                  0001348c    00000004     empty_min_pem4f.oem4f (.const:ti_sysbios_knl_Task_Module_State_inactiveQ__O)
                  00013490    00000004     empty_min_pem4f.oem4f (.const:ti_sysbios_knl_Task_Object__count__C)
                  00013494    00000004     empty_min_pem4f.oem4f (.const:ti_sysbios_knl_Task_allBlockedFunc__C)
                  00013498    00000004     empty_min_pem4f.oem4f (.const:ti_sysbios_knl_Task_defaultStackHeap__C)
                  0001349c    00000004     empty_min_pem4f.oem4f (.const:ti_sysbios_knl_Task_defaultStackSize__C)
                  000134a0    00000004     empty_min_pem4f.oem4f (.const:ti_sysbios_knl_Task_numConstructedTasks__C)
                  000134a4    00000004     empty_min_pem4f.oem4f (.const:xdc_runtime_Assert_E_assertFailed__C)
                  000134a8    00000004     empty_min_pem4f.oem4f (.const:xdc_runtime_Core_A_initializedParams__C)
                  000134ac    00000004     empty_min_pem4f.oem4f (.const:xdc_runtime_Core_Module__diagsEnabled__C)
                  000134b0    00000004     empty_min_pem4f.oem4f (.const:xdc_runtime_Core_Module__diagsIncluded__C)
                  000134b4    00000004     empty_min_pem4f.oem4f (.const:xdc_runtime_Core_Module__diagsMask__C)
                  000134b8    00000004     empty_min_pem4f.oem4f (.const:xdc_runtime_Error_E_generic__C)
                  000134bc    00000004     empty_min_pem4f.oem4f (.const:xdc_runtime_Error_E_memory__C)
                  000134c0    00000004     empty_min_pem4f.oem4f (.const:xdc_runtime_Error_Module__diagsEnabled__C)
                  000134c4    00000004     empty_min_pem4f.oem4f (.const:xdc_runtime_Error_Module__diagsIncluded__C)
                  000134c8    00000004     empty_min_pem4f.oem4f (.const:xdc_runtime_Error_Module__diagsMask__C)
                  000134cc    00000004     empty_min_pem4f.oem4f (.const:xdc_runtime_Error_Module__loggerFxn8__C)
                  000134d0    00000004     empty_min_pem4f.oem4f (.const:xdc_runtime_Error_Module__loggerObj__C)
                  000134d4    00000004     empty_min_pem4f.oem4f (.const:xdc_runtime_Error_policyFxn__C)
                  000134d8    00000004     empty_min_pem4f.oem4f (.const:xdc_runtime_Error_raiseHook__C)
                  000134dc    00000004     empty_min_pem4f.oem4f (.const:xdc_runtime_IGateProvider_Interface__BASE__C)
                  000134e0    00000004     empty_min_pem4f.oem4f (.const:xdc_runtime_IHeap_Interface__BASE__C)
                  000134e4    00000004     empty_min_pem4f.oem4f (.const:xdc_runtime_IModule_Interface__BASE__C)
                  000134e8    00000004     empty_min_pem4f.oem4f (.const:xdc_runtime_Log_L_error__C)
                  000134ec    00000004     empty_min_pem4f.oem4f (.const:xdc_runtime_Memory_defaultHeapInstance__C)
                  000134f0    00000004     empty_min_pem4f.oem4f (.const:xdc_runtime_Startup_execImpl__C)
                  000134f4    00000004     empty_min_pem4f.oem4f (.const:xdc_runtime_Startup_maxPasses__C)
                  000134f8    00000004     empty_min_pem4f.oem4f (.const:xdc_runtime_Startup_sfxnRts__C)
                  000134fc    00000004     empty_min_pem4f.oem4f (.const:xdc_runtime_Startup_sfxnTab__C)
                  00013500    00000004     empty_min_pem4f.oem4f (.const:xdc_runtime_SysMin_bufSize__C)
                  00013504    00000004     empty_min_pem4f.oem4f (.const:xdc_runtime_SysMin_outputFunc__C)
                  00013508    00000004     empty_min_pem4f.oem4f (.const:xdc_runtime_System_Module__gateObj__C)
                  0001350c    00000004     empty_min_pem4f.oem4f (.const:xdc_runtime_System_abortFxn__C)
                  00013510    00000004     empty_min_pem4f.oem4f (.const:xdc_runtime_System_exitFxn__C)
                  00013514    00000004     empty_min_pem4f.oem4f (.const:xdc_runtime_System_extendFxn__C)
                  00013518    00000004     empty_min_pem4f.oem4f (.const:xdc_runtime_System_maxAtexitHandlers__C)
                  0001351c    00000004     empty_min_pem4f.oem4f (.const:xdc_runtime_Text_charTab__C)
                  00013520    00000004     empty_min_pem4f.oem4f (.const:xdc_runtime_Text_nameEmpty__C)
                  00013524    00000004     empty_min_pem4f.oem4f (.const:xdc_runtime_Text_nameStatic__C)
                  00013528    00000004     empty_min_pem4f.oem4f (.const:xdc_runtime_Text_nameUnknown__C)
                  0001352c    00000004     empty_min_pem4f.oem4f (.const:xdc_runtime_Text_nodeTab__C)
                  00013530    00000004     empty_min_pem4f.oem4f (.const:xdc_runtime_Text_visitRopeFxn__C)
                  00013534    00000002     empty_min_pem4f.oem4f (.const:xdc_runtime_Error_Module__loggerDefined__C)
                  00013536    00000002     empty_min_pem4f.oem4f (.const:xdc_runtime_Error_maxDepth__C)
                  00013538    00000002     empty_min_pem4f.oem4f (.const:xdc_runtime_Main_Module__id__C)
                  0001353a    00000002     empty_min_pem4f.oem4f (.const:xdc_runtime_Memory_Module__id__C)
                  0001353c    00000002     empty_min_pem4f.oem4f (.const:xdc_runtime_SysMin_flushAtExit__C)
                  0001353e    00000002     empty_min_pem4f.oem4f (.const:xdc_runtime_Text_charCnt__C)
                  00013540    00000002     empty_min_pem4f.oem4f (.const:xdc_runtime_Text_isLoaded__C)
                  00013542    00000002     empty_min_pem4f.oem4f (.const:xdc_runtime_Text_registryModsLastId__C)
                  00013544    00000002     empty_min_pem4f.oem4f (.const:xdc_runtime_Text_unnamedModsLastId__C)

.cinit     0    00013548    000002f8     
                  00013548    000002c0     (.cinit..data.load) [load image, compression = lzss]
                  00013808    0000000c     (__TI_handler_table)
                  00013814    00000004     --HOLE-- [fill = 0]
                  00013818    00000008     (.cinit..bss.load) [load image, compression = zero_init]
                  00013820    00000008     (.cinit..vecs.load) [load image, compression = zero_init]
                  00013828    00000018     (__TI_cinit_table)

.init_array 
*          0    00000000    00000000     UNINITIALIZED

.resetVecs 
*          0    00000000    0000003c     
                  00000000    0000003c     empty_min_pem4f.oem4f (.resetVecs)

.bss       0    20000360    00001628     UNINITIALIZED
                  20000360    00000400     (.common:taskLightStack)
                  20000760    00000400     (.common:taskUIStack)
                  20000b60    00000400     (.common:ti_sysbios_heaps_HeapMem_Instance_State_0_buf__A)
                  20000f60    00000360     (.common:ti_sysbios_family_arm_m3_Hwi_dispatchTable)
                  200012c0    00000140     grlib.lib : widget.obj (.bss:g_psMQ)
                  20001400    00000120     rtsv7M4_T_le_v4SPD16_eabi.lib : trgmsg.c.obj (.bss:_CIOBUF_)
                  20001520    00000100     (.common:i2cTivaObjects)
                  20001620    000000a0     (.common:__TI_tmpnams)
                  200016c0    00000090     drivers_tivaware.aem4f : GPIOTiva.oem4f (.bss:gpioCallbackInfo)
                  20001750    00000080     (.common:xdc_runtime_SysMin_Module_State_0_outbuf__A)
                  200017d0    00000050     (.common:task1Struct)
                  20001820    00000050     (.common:task2Struct)
                  20001870    00000038     (.common:motorLibPWMObjects)
                  200018a8    0000002c     (.common:sContext)
                  200018d4    00000020     MotorLib.lib : motorlib.obj (.bss:PWMStruct)
                  200018f4    00000020     (.common:g_pui8Dictionary)
                  20001914    00000018     (.common:motorLibPWMTimerObjects)
                  2000192c    00000010     touch.obj (.bss:g_pi16Samples)
                  2000193c    00000008     touch.obj (.bss)
                  20001944    00000004     (.common:Hall_A_Start)
                  20001948    00000008     (.common:goal_speedpreround)
                  20001950    00000008     (.common:parmbuf)
                  20001958    00000004     (.common:Hall_B_Start)
                  2000195c    00000004     (.common:Hall_C_Start)
                  20001960    00000004     (.common:convertedLuxInt)
                  20001964    00000004     (.common:currentTicks)
                  20001968    00000004     (.common:g_pi32ParmSet)
                  2000196c    00000004     (.common:g_psGrLibDefaults)
                  20001970    00000004     (.common:gateHwi)
                  20001974    00000004     (.common:gpioInterruptVectors)
                  20001978    00000004     (.common:newTicks)
                  2000197c    00000004     (.common:rpm)
                  20001980    00000004     (.common:rps)
                  20001984    00000002     (.common:g_i16TouchX)
                  20001986    00000002     (.common:g_i16TouchY)

.data      0    20001988    00000784     UNINITIALIZED
                  20001988    000000f0     rtsv7M4_T_le_v4SPD16_eabi.lib : defs.c.obj (.data:_ftable)
                  20001a78    00000080     empty_min_pem4f.oem4f (.data:ti_sysbios_knl_Swi_Module_State_0_readyQ__A)
                  20001af8    00000080     empty_min_pem4f.oem4f (.data:ti_sysbios_knl_Task_Module_State_0_readyQ__A)
                  20001b78    00000078     rtsv7M4_T_le_v4SPD16_eabi.lib : host_device.c.obj (.data:_device)
                  20001bf0    00000050                                   : host_device.c.obj (.data:_stream)
                  20001c40    00000050     UI.obj (.data:g_sChangeStateBttn)
                  20001c90    00000050     UI.obj (.data:g_sMinusBttn)
                  20001ce0    00000050     UI.obj (.data:g_sPlusBttn)
                  20001d30    00000044     empty_min_pem4f.oem4f (.data:ti_sysbios_knl_Task_Module__state__V)
                  20001d74    00000040     UI.obj (.data:g_sBackground)
                  20001db4    00000040     empty_min_pem4f.oem4f (.data:ti_sysbios_family_arm_lm4_Timer_Module_State_0_device__A)
                  20001df4    00000040     empty_min_pem4f.oem4f (.data:ti_sysbios_family_arm_lm4_Timer_Object__table__V)
                  20001e34    00000038     empty_min_pem4f.oem4f (.data:ti_sysbios_gates_GateMutex_Object__table__V)
                  20001e6c    00000034     empty_min_pem4f.oem4f (.data:ti_sysbios_family_arm_m3_Hwi_Module__state__V)
                  20001ea0    00000030     empty_min_pem4f.oem4f (.data:ti_sysbios_family_arm_m3_Hwi_Object__table__V)
[...]
0000f12e  ti_catalog_arm_cortexm4_tiva_ce_Boot_Module__id__C                   
0001218e  ti_sysbios_family_arm_m3_Hwi_Module__id__C                           
0001262f  xdc_runtime_Error_policy__C                                          
00012750  _ctypes_                                                             
00012922  ti_sysbios_heaps_HeapMem_Module__id__C                               
00012924  g_sFontCmss16b                                                       
000129ec  g_sFontCmss18b                                                       
00012b78  xdc_runtime_Text_nodeTab__A                                          
00012e0c  PWM_config                                                           
00012ec0  motorLibPWMTivaHWAttrs                                               
00012fa4  ti_sysbios_knl_Task_Object__PARAMS__C                                
00013040  ti_sysbios_family_arm_m3_Hwi_Object__PARAMS__C                       
00013070  g_sKentec320x240x16_SSD2119                                          
00013098  ti_sysbios_heaps_HeapMem_Module__FXNS__C                             
000130c0  I2C_config                                                           
000130e4  ti_sysbios_gates_GateHwi_Module__FXNS__C                             
00013108  ti_sysbios_gates_GateMutex_Module__FXNS__C                           
0001312c  ti_sysbios_heaps_HeapMem_Object__PARAMS__C                           
00013150  ti_sysbios_knl_Semaphore_Object__PARAMS__C                           
00013174  PWMTimerTiva_fxnTable                                                
00013190  PWMTimerTiva_MAX_PRESCALAR_VALUE                                     
00013192  PWMTimerTiva_MAX_MATCH_VALUE                                         
00013194  PWMTiva_fxnTable                                                     
000131b0  PWMTiva_MAX_PRESCALAR                                                
000131b2  PWMTiva_MAX_MATCH_VALUE                                              
000131b4  ti_sysbios_family_arm_m3_Hwi_Object__DESC__C                         
000131d4  ti_sysbios_gates_GateHwi_Object__DESC__C                             
000131f4  ti_sysbios_gates_GateMutex_Object__DESC__C                           
00013214  ti_sysbios_heaps_HeapMem_Object__DESC__C                             
00013234  ti_sysbios_knl_Queue_Object__DESC__C                                 
00013254  ti_sysbios_knl_Semaphore_Object__DESC__C                             
00013274  ti_sysbios_knl_Task_Object__DESC__C                                  
00013294  xdc_runtime_Startup_sfxnTab__A                                       
000132b4  I2CTiva_fxnTable                                                     
000132d0  g_pi32TouchParameters                                                
000132ec  i2cTivaHWAttrs                                                       
00013304  ti_sysbios_gates_GateHwi_Object__PARAMS__C                           
0001331c  ti_sysbios_gates_GateMutex_Object__PARAMS__C                         
00013334  ti_sysbios_knl_Queue_Object__PARAMS__C                               
00013362  xdc_runtime_Core_Module__id__C                                       
00013364  GPIOTiva_config                                                      
00013378  xdc_runtime_Startup_firstFxns__A                                     
0001338c  I2C_defaultParams                                                    
0001339c  g_psDefaultCodePointMapTable                                         
000133ac  motorLibPWMTimerTivaHWAttrs                                          
000133bc  xdc_runtime_Startup_sfxnRts__A                                       
000133cc  PWM_defaultParams                                                    
000133e8  ti_sysbios_family_arm_m3_Hwi_excHookFuncs__A                         
000133f0  ti_sysbios_knl_Idle_funcList__C                                      
000133f8  xdc_runtime_Startup_firstFxns__C                                     
00013400  xdc_runtime_Startup_lastFxns__C                                      
00013408  ti_catalog_arm_cortexm4_tiva_ce_Boot_A_mustNotUseEnhancedClockMode__C
0001340c  ti_catalog_arm_cortexm4_tiva_ce_Boot_Module__diagsEnabled__C         
00013410  ti_catalog_arm_cortexm4_tiva_ce_Boot_Module__diagsIncluded__C        
00013414  ti_catalog_arm_cortexm4_tiva_ce_Boot_Module__diagsMask__C            
00013418  ti_sysbios_family_arm_lm4_Timer_enableFunc__C                        
0001341c  ti_sysbios_family_arm_lm4_Timer_numTimerDevices__C                   
00013420  ti_sysbios_family_arm_lm4_Timer_startupNeeded__C                     
00013424  ti_sysbios_family_arm_m3_Hwi_E_NMI__C                                
00013428  ti_sysbios_family_arm_m3_Hwi_E_alreadyDefined__C                     
0001342c  ti_sysbios_family_arm_m3_Hwi_E_busFault__C                           
00013430  ti_sysbios_family_arm_m3_Hwi_E_debugMon__C                           
00013434  ti_sysbios_family_arm_m3_Hwi_E_hardFault__C                          
00013438  ti_sysbios_family_arm_m3_Hwi_E_memFault__C                           
0001343c  ti_sysbios_family_arm_m3_Hwi_E_noIsr__C                              
00013440  ti_sysbios_family_arm_m3_Hwi_E_reserved__C                           
00013444  ti_sysbios_family_arm_m3_Hwi_E_svCall__C                             
00013448  ti_sysbios_family_arm_m3_Hwi_E_usageFault__C                         
0001344c  ti_sysbios_family_arm_m3_Hwi_NUM_INTERRUPTS__C                       
00013450  ti_sysbios_family_arm_m3_Hwi_Object__count__C                        
00013454  ti_sysbios_family_arm_m3_Hwi_ccr__C                                  
00013458  ti_sysbios_family_arm_m3_Hwi_excHandlerFunc__C                       
0001345c  ti_sysbios_family_arm_m3_Hwi_excHookFuncs__C                         
00013460  ti_sysbios_family_arm_m3_Hwi_nullIsrFunc__C                          
00013464  ti_sysbios_family_arm_m3_Hwi_priGroup__C                             
00013468  ti_sysbios_family_arm_m3_TaskSupport_stackAlignment__C               
0001346c  ti_sysbios_gates_GateMutex_Instance_State_sem__O                     
00013470  ti_sysbios_heaps_HeapMem_E_memory__C                                 
00013474  ti_sysbios_heaps_HeapMem_Module__gateObj__C                          
00013478  ti_sysbios_heaps_HeapMem_Object__count__C                            
0001347c  ti_sysbios_heaps_HeapMem_reqAlign__C                                 
00013480  ti_sysbios_knl_Clock_Module_State_clockQ__O                          
00013484  ti_sysbios_knl_Semaphore_Instance_State_pendQ__O                     
00013488  ti_sysbios_knl_Swi_Object__count__C                                  
0001348c  ti_sysbios_knl_Task_Module_State_inactiveQ__O                        
00013490  ti_sysbios_knl_Task_Object__count__C                                 
00013494  ti_sysbios_knl_Task_allBlockedFunc__C                                
00013498  ti_sysbios_knl_Task_defaultStackHeap__C                              
0001349c  ti_sysbios_knl_Task_defaultStackSize__C                              
000134a0  ti_sysbios_knl_Task_numConstructedTasks__C                           
000134a4  xdc_runtime_Assert_E_assertFailed__C                                 
000134a8  xdc_runtime_Core_A_initializedParams__C                              
000134ac  xdc_runtime_Core_Module__diagsEnabled__C                             
000134b0  xdc_runtime_Core_Module__diagsIncluded__C                            
000134b4  xdc_runtime_Core_Module__diagsMask__C                                
000134b8  xdc_runtime_Error_E_generic__C                                       
000134bc  xdc_runtime_Error_E_memory__C                                        
000134c0  xdc_runtime_Error_Module__diagsEnabled__C                            
000134c4  xdc_runtime_Error_Module__diagsIncluded__C                           
000134c8  xdc_runtime_Error_Module__diagsMask__C                               
000134cc  xdc_runtime_Error_Module__loggerFxn8__C                              
000134d0  xdc_runtime_Error_Module__loggerObj__C                               
000134d4  xdc_runtime_Error_policyFxn__C                                       
000134d8  xdc_runtime_Error_raiseHook__C                                       
000134dc  xdc_runtime_IGateProvider_Interface__BASE__C                         
000134e0  xdc_runtime_IHeap_Interface__BASE__C                                 
000134e4  xdc_runtime_IModule_Interface__BASE__C                               
000134e8  xdc_runtime_Log_L_error__C                                           
000134ec  xdc_runtime_Memory_defaultHeapInstance__C                            
000134f0  xdc_runtime_Startup_execImpl__C                                      
000134f4  xdc_runtime_Startup_maxPasses__C                                     
000134f8  xdc_runtime_Startup_sfxnRts__C                                       
000134fc  xdc_runtime_Startup_sfxnTab__C                                       
00013500  xdc_runtime_SysMin_bufSize__C                                        
00013504  xdc_runtime_SysMin_outputFunc__C                                     
00013508  xdc_runtime_System_Module__gateObj__C                                
0001350c  xdc_runtime_System_abortFxn__C                                       
00013510  xdc_runtime_System_exitFxn__C                                        
00013514  xdc_runtime_System_extendFxn__C                                      
00013518  xdc_runtime_System_maxAtexitHandlers__C                              
0001351c  xdc_runtime_Text_charTab__C                                          
00013520  xdc_runtime_Text_nameEmpty__C                                        
00013524  xdc_runtime_Text_nameStatic__C                                       
00013528  xdc_runtime_Text_nameUnknown__C                                      
0001352c  xdc_runtime_Text_nodeTab__C                                          
00013530  xdc_runtime_Text_visitRopeFxn__C                                     
00013534  xdc_runtime_Error_Module__loggerDefined__C                           
00013536  xdc_runtime_Error_maxDepth__C                                        
00013538  xdc_runtime_Main_Module__id__C                                       
0001353a  xdc_runtime_Memory_Module__id__C                                     
0001353c  xdc_runtime_SysMin_flushAtExit__C                                    
0001353e  xdc_runtime_Text_charCnt__C                                          
00013540  xdc_runtime_Text_isLoaded__C                                         
00013542  xdc_runtime_Text_registryModsLastId__C                               
00013544  xdc_runtime_Text_unnamedModsLastId__C                                
00013548  __TI_static_base__                                                   
00013808  __TI_Handler_Table_Base                                              
00013814  __TI_Handler_Table_Limit                                             
00013828  __TI_CINIT_Base                                                      
00013840  __TI_CINIT_Limit                                                     
20000000  __start___llvm_prf_cnts                                              
20000000  __stop___llvm_prf_cnts                                               
20000000  ti_sysbios_family_arm_m3_Hwi_ramVectors                              
20000360  taskLightStack                                                       
20000760  taskUIStack                                                          
20000b60  ti_sysbios_heaps_HeapMem_Instance_State_0_buf__A                     
20000f60  ti_sysbios_family_arm_m3_Hwi_dispatchTable                           
20001400  __CIOBUF_                                                            
20001520  i2cTivaObjects                                                       
20001620  __TI_tmpnams                                                         
20001750  xdc_runtime_SysMin_Module_State_0_outbuf__A                          
200017d0  task1Struct                                                          
20001820  task2Struct                                                          
20001870  motorLibPWMObjects                                                   
200018a8  sContext                                                             
20001914  motorLibPWMTimerObjects                                              
20001944  Hall_A_Start                                                         
20001948  goal_speedpreround                                                   
20001950  parmbuf                                                              
20001958  Hall_B_Start                                                         
2000195c  Hall_C_Start                                                         
20001960  convertedLuxInt                                                      
20001964  currentTicks                                                         
20001968  g_pi32ParmSet                                                        
20001970  gateHwi                                                              
20001978  newTicks                                                             
2000197c  rpm                                                                  
20001980  rps                                                                  
20001984  g_i16TouchX                                                          
20001986  g_i16TouchY                                                          
20001988  _ftable                                                              
20001a78  ti_sysbios_knl_Swi_Module_State_0_readyQ__A                          
20001af8  ti_sysbios_knl_Task_Module_State_0_readyQ__A                         
20001b78  _device                                                              
20001bf0  _stream                                                              
20001c40  g_sChangeStateBttn                                                   
20001c90  g_sMinusBttn                                                         
20001ce0  g_sPlusBttn                                                          
20001d30  ti_sysbios_knl_Task_Module__state__V                                 
20001d74  g_sBackground                                                        
20001db4  ti_sysbios_family_arm_lm4_Timer_Module_State_0_device__A             
20001df4  ti_sysbios_family_arm_lm4_Timer_Object__table__V                     
20001e34  ti_sysbios_gates_GateMutex_Object__table__V                          
20001e6c  ti_sysbios_family_arm_m3_Hwi_Module__state__V                        
20001ea0  ti_sysbios_family_arm_m3_Hwi_Object__table__V                        
20001ed0  ti_sysbios_knl_Swi_Object__table__V                                  
20001f00  g_sRoot                                                              
20001f2e  ti_sysbios_family_arm_m3_Hwi_Module_State_0_excActive__A             
20001f30  ti_sysbios_knl_Clock_Module__state__V                                
20001f5c  pwm_period                                                           
20001f60  emergency_brake                                                      
20001f64  current_speed                                                        
20001f68  goal_speed                                                           
20001f6c  oldTicks                                                             
20001f70  revCounter                                                           
20001f74  oldRevCount                                                          
20001f78  newRevCount                                                          
20001f7c  revDiff                                                              
20001f80  tickDiff                                                             
20001f84  gpioPinConfigs                                                       
20001fa8  ti_sysbios_BIOS_Module__state__V                                     
20001fcc  ti_sysbios_family_arm_lm4_Timer_Module_State_0_handles__A            
20001fec  ti_sysbios_knl_Swi_Module__state__V                                  
20002020  ti_sysbios_heaps_HeapMem_Object__table__V                            
20002038  __TI_ft_end                                                          
2000203c  __aeabi_stdin                                                        
20002040  __aeabi_stdout                                                       
20002044  __aeabi_stderr                                                       
20002048  __TI_cleanup_ptr                                                     
2000204c  __TI_dtors_ptr                                                       
20002050  __TI_enable_exit_profile_output                                      
20002054  ti_sysbios_family_arm_lm4_Timer_Module__state__V                     
20002060  xdc_runtime_SysMin_Module__state__V                                  
2000206c  _lock                                                                
20002070  _unlock                                                              
20002074  gpioCallbackFunctions                                                
2000207c  ti_sysbios_family_arm_m3_Hwi_Module__root__V                         
20002084  ti_sysbios_gates_GateHwi_Module__root__V                             
2000208c  ti_sysbios_gates_GateMutex_Module__root__V                           
20002094  ti_sysbios_heaps_HeapMem_Module__root__V                             
2000209c  ti_sysbios_knl_Queue_Module__root__V                                 
200020a4  ti_sysbios_knl_Semaphore_Module__root__V                             
200020ac  ti_sysbios_knl_Task_Module__root__V                                  
200020b4  xdc_runtime_Registry_Module__state__V                                
200020bc  xdc_runtime_Startup_Module__state__V                                 
200020c4  xdc_runtime_System_Module_State_0_atexitHandlers__A                  
200020cc  xdc_runtime_System_Module__state__V                                  
200020d4  state                                                                
200020d8  refresh                                                              
200020da  xdc_runtime_Error_Module__state__V                                   
200020ec  errno                                                                
200020f0  main_func_sp                                                         
200020f4  ti_sysbios_family_arm_m3_Hwi_Module_State_0_excContext__A            
200020f8  ti_sysbios_family_arm_m3_Hwi_Module_State_0_excStack__A              
200020fc  ti_sysbios_gates_GateHwi_Object__table__V                            
20002100  ti_sysbios_knl_Task_Module_State_0_idleTask__A                       
20002104  g_i16TouchMin                                                        
20002108  xdc_runtime_Memory_Module__state__V                                  
20002110  __stack                                                              
20002410  __STACK_END                                                          
e000e000  ti_sysbios_family_arm_m3_Hwi_nvic                                    
ffffffff  __TI_pprof_out_hndl                                                  
ffffffff  __TI_prof_data_size                                                  
ffffffff  __TI_prof_data_start                                                 
ffffffff  __binit__                                                            
ffffffff  __c_args__                                                           
ffffffff  binit                                                                
UNDEFED   SHT$$INIT_ARRAY$$Base                                                
UNDEFED   SHT$$INIT_ARRAY$$Limit                                               

[799 symbols]
